// Jest Snapshot v1, https://goo.gl/fbAQLP

exports[`flickr.interestingness.getList 1`] = `
Object {
  "photos": Object {
    "page": 1,
    "pages": 5,
    "perpage": 100,
    "photo": Array [
      Object {
        "farm": 4,
        "id": "33469350886",
        "isfamily": 0,
        "isfriend": 0,
        "ispublic": 1,
        "owner": "91805169@N04",
        "secret": "f25bf06c92",
        "server": "3846",
        "title": "After the Rain",
      },
      Object {
        "farm": 3,
        "id": "33386940691",
        "isfamily": 0,
        "isfriend": 0,
        "ispublic": 1,
        "owner": "81086238@N05",
        "secret": "208f36c4ef",
        "server": "2845",
        "title": "L'heure bleue.",
      },
      Object {
        "farm": 4,
        "id": "33467071506",
        "isfamily": 0,
        "isfriend": 0,
        "ispublic": 1,
        "owner": "95403249@N06",
        "secret": "dc96448d8a",
        "server": "3872",
        "title": "Kirkjufell Islande",
      },
      Object {
        "farm": 4,
        "id": "32690673243",
        "isfamily": 0,
        "isfriend": 0,
        "ispublic": 1,
        "owner": "132211628@N07",
        "secret": "b1a5f9f88e",
        "server": "3910",
        "title": "Langstone - Stand tall at the end of the day !!!!",
      },
      Object {
        "farm": 4,
        "id": "33348886712",
        "isfamily": 0,
        "isfriend": 0,
        "ispublic": 1,
        "owner": "51321042@N02",
        "secret": "3a183bb7eb",
        "server": "3884",
        "title": "Stranger In A Strange Land",
      },
      Object {
        "farm": 4,
        "id": "33118806500",
        "isfamily": 0,
        "isfriend": 0,
        "ispublic": 1,
        "owner": "135432646@N08",
        "secret": "cdd15f97a9",
        "server": "3906",
        "title": "Short-eared Owl | Hibou des marais",
      },
      Object {
        "farm": 4,
        "id": "33473120826",
        "isfamily": 0,
        "isfriend": 0,
        "ispublic": 1,
        "owner": "137374539@N02",
        "secret": "b40b48ec2e",
        "server": "3671",
        "title": "BERLIN Reichstag",
      },
      Object {
        "farm": 3,
        "id": "32703089793",
        "isfamily": 0,
        "isfriend": 0,
        "ispublic": 1,
        "owner": "44351311@N04",
        "secret": "b47c1a349f",
        "server": "2907",
        "title": "black coffee, blue skies",
      },
      Object {
        "farm": 4,
        "id": "32695474353",
        "isfamily": 0,
        "isfriend": 0,
        "ispublic": 1,
        "owner": "34368269@N04",
        "secret": "044e818d65",
        "server": "3911",
        "title": "Allen's Hummingbird",
      },
      Object {
        "farm": 3,
        "id": "32696355133",
        "isfamily": 0,
        "isfriend": 0,
        "ispublic": 1,
        "owner": "10462056@N06",
        "secret": "3f26ecb560",
        "server": "2840",
        "title": "Morning Fog - Color Version",
      },
      Object {
        "farm": 4,
        "id": "33464881406",
        "isfamily": 0,
        "isfriend": 0,
        "ispublic": 1,
        "owner": "105824138@N08",
        "secret": "6cc943f053",
        "server": "3839",
        "title": "Plectrophane des neiges / snow bunting",
      },
      Object {
        "farm": 3,
        "id": "33346365082",
        "isfamily": 0,
        "isfriend": 0,
        "ispublic": 1,
        "owner": "25927083@N02",
        "secret": "ceb9834421",
        "server": "2825",
        "title": "Premier Inn London Blackfriars spiral staircase",
      },
      Object {
        "farm": 3,
        "id": "33509172765",
        "isfamily": 0,
        "isfriend": 0,
        "ispublic": 1,
        "owner": "79728852@N05",
        "secret": "f1c5fe3b82",
        "server": "2868",
        "title": "WHITE",
      },
      Object {
        "farm": 4,
        "id": "33501892815",
        "isfamily": 0,
        "isfriend": 0,
        "ispublic": 1,
        "owner": "138047837@N02",
        "secret": "0def03305e",
        "server": "3781",
        "title": "The Offering",
      },
      Object {
        "farm": 4,
        "id": "33472790556",
        "isfamily": 0,
        "isfriend": 0,
        "ispublic": 1,
        "owner": "73697167@N03",
        "secret": "50067088e0",
        "server": "3735",
        "title": "Cheetah and cub",
      },
      Object {
        "farm": 4,
        "id": "32665676214",
        "isfamily": 0,
        "isfriend": 0,
        "ispublic": 1,
        "owner": "75618574@N07",
        "secret": "c273206464",
        "server": "3912",
        "title": "Beautiful spring...",
      },
      Object {
        "farm": 4,
        "id": "33508906645",
        "isfamily": 0,
        "isfriend": 0,
        "ispublic": 1,
        "owner": "85314460@N02",
        "secret": "b23c72941c",
        "server": "3882",
        "title": "Sunlight playground",
      },
      Object {
        "farm": 1,
        "id": "33474173896",
        "isfamily": 0,
        "isfriend": 0,
        "ispublic": 1,
        "owner": "56159557@N07",
        "secret": "4cc8b32257",
        "server": "592",
        "title": "11/52  A 'handful' of Collies !",
      },
      Object {
        "farm": 3,
        "id": "32690997633",
        "isfamily": 0,
        "isfriend": 0,
        "ispublic": 1,
        "owner": "23409752@N08",
        "secret": "80eb932c2a",
        "server": "2928",
        "title": "To Infinity & Beyond",
      },
      Object {
        "farm": 3,
        "id": "32690297123",
        "isfamily": 0,
        "isfriend": 0,
        "ispublic": 1,
        "owner": "48001292@N08",
        "secret": "40b4ee71b7",
        "server": "2935",
        "title": "In a Coastal Color Mood",
      },
      Object {
        "farm": 4,
        "id": "32669282994",
        "isfamily": 0,
        "isfriend": 0,
        "ispublic": 1,
        "owner": "21679597@N02",
        "secret": "b471ac5c51",
        "server": "3953",
        "title": "雪之合掌",
      },
      Object {
        "farm": 4,
        "id": "33355082752",
        "isfamily": 0,
        "isfriend": 0,
        "ispublic": 1,
        "owner": "64807403@N00",
        "secret": "44b23acee8",
        "server": "3770",
        "title": "Winter in Lofoten -01-",
      },
      Object {
        "farm": 3,
        "id": "32663776794",
        "isfamily": 0,
        "isfriend": 0,
        "ispublic": 1,
        "owner": "127892840@N05",
        "secret": "52315eda25",
        "server": "2909",
        "title": "Penmon Lighthouse",
      },
      Object {
        "farm": 3,
        "id": "33129982050",
        "isfamily": 0,
        "isfriend": 0,
        "ispublic": 1,
        "owner": "48150568@N06",
        "secret": "cf650f2711",
        "server": "2881",
        "title": "Dortmund Westfalenhallen",
      },
      Object {
        "farm": 3,
        "id": "32667823834",
        "isfamily": 0,
        "isfriend": 0,
        "ispublic": 1,
        "owner": "144260104@N03",
        "secret": "6f7b686ac2",
        "server": "2933",
        "title": "Middle eastern fun",
      },
      Object {
        "farm": 3,
        "id": "33464119446",
        "isfamily": 0,
        "isfriend": 0,
        "ispublic": 1,
        "owner": "27326929@N00",
        "secret": "1f8796b49b",
        "server": "2831",
        "title": "Big Girl.",
      },
      Object {
        "farm": 1,
        "id": "32697963183",
        "isfamily": 0,
        "isfriend": 0,
        "ispublic": 1,
        "owner": "10133503@N03",
        "secret": "d33c715941",
        "server": "722",
        "title": "Fast train",
      },
      Object {
        "farm": 3,
        "id": "32698974983",
        "isfamily": 0,
        "isfriend": 0,
        "ispublic": 1,
        "owner": "77821707@N00",
        "secret": "6dd02a891b",
        "server": "2879",
        "title": "Twin Falls",
      },
      Object {
        "farm": 4,
        "id": "33476393616",
        "isfamily": 0,
        "isfriend": 0,
        "ispublic": 1,
        "owner": "33241442@N04",
        "secret": "762dbe8d82",
        "server": "3733",
        "title": "Tubastraea faulkneri - Sun Cup coral",
      },
      Object {
        "farm": 3,
        "id": "33131742510",
        "isfamily": 0,
        "isfriend": 0,
        "ispublic": 1,
        "owner": "77109890@N00",
        "secret": "b988ef5c63",
        "server": "2926",
        "title": "Crater Rim of the Kilauea Caldera",
      },
      Object {
        "farm": 4,
        "id": "33117512640",
        "isfamily": 0,
        "isfriend": 0,
        "ispublic": 1,
        "owner": "10367239@N05",
        "secret": "876d6cf4ae",
        "server": "3956",
        "title": "Northern Cardinal male by Jackie B. Elmore 3-14-2017 Lincoln Co. KY",
      },
      Object {
        "farm": 4,
        "id": "33459339016",
        "isfamily": 0,
        "isfriend": 0,
        "ispublic": 1,
        "owner": "65723210@N00",
        "secret": "d8719cc780",
        "server": "3818",
        "title": "",
      },
      Object {
        "farm": 4,
        "id": "33375357371",
        "isfamily": 0,
        "isfriend": 0,
        "ispublic": 1,
        "owner": "108701776@N05",
        "secret": "8832945d59",
        "server": "3841",
        "title": "#109 \\"What the hell are you doing on this planet?\\"",
      },
      Object {
        "farm": 4,
        "id": "33355679452",
        "isfamily": 0,
        "isfriend": 0,
        "ispublic": 1,
        "owner": "50041455@N07",
        "secret": "bdf2d0e0f0",
        "server": "3727",
        "title": "Outside In",
      },
      Object {
        "farm": 4,
        "id": "33464897556",
        "isfamily": 0,
        "isfriend": 0,
        "ispublic": 1,
        "owner": "78546543@N07",
        "secret": "1c7cc3bb9a",
        "server": "3895",
        "title": "Fin de journée sur la cardamine",
      },
      Object {
        "farm": 1,
        "id": "33353939902",
        "isfamily": 0,
        "isfriend": 0,
        "ispublic": 1,
        "owner": "126637622@N03",
        "secret": "522f309fe1",
        "server": "653",
        "title": "Red Kite . Sometimes they look cartoon like :)",
      },
      Object {
        "farm": 3,
        "id": "32700436893",
        "isfamily": 0,
        "isfriend": 0,
        "ispublic": 1,
        "owner": "92110231@N03",
        "secret": "d39e32c3a1",
        "server": "2932",
        "title": "Knaresborough, upstream.",
      },
      Object {
        "farm": 4,
        "id": "33121271390",
        "isfamily": 0,
        "isfriend": 0,
        "ispublic": 1,
        "owner": "55399730@N07",
        "secret": "0151cd8450",
        "server": "3698",
        "title": "Hóvirág / Snowdrop",
      },
      Object {
        "farm": 4,
        "id": "32658789704",
        "isfamily": 0,
        "isfriend": 0,
        "ispublic": 1,
        "owner": "36970206@N07",
        "secret": "2edfa68e69",
        "server": "3776",
        "title": "Der Wolf",
      },
      Object {
        "farm": 3,
        "id": "33475763036",
        "isfamily": 0,
        "isfriend": 0,
        "ispublic": 1,
        "owner": "30972961@N04",
        "secret": "e7256f7e15",
        "server": "2845",
        "title": "Ruby eyed tree frog (Explored)",
      },
      Object {
        "farm": 3,
        "id": "33501760765",
        "isfamily": 0,
        "isfriend": 0,
        "ispublic": 1,
        "owner": "23985194@N06",
        "secret": "1a327636d4",
        "server": "2880",
        "title": "Spring Garden",
      },
      Object {
        "farm": 4,
        "id": "33130757680",
        "isfamily": 0,
        "isfriend": 0,
        "ispublic": 1,
        "owner": "109794585@N05",
        "secret": "24a047de8d",
        "server": "3947",
        "title": "MNCR0049",
      },
      Object {
        "farm": 1,
        "id": "33504711345",
        "isfamily": 0,
        "isfriend": 0,
        "ispublic": 1,
        "owner": "56397153@N04",
        "secret": "52c3ce0c4b",
        "server": "592",
        "title": "NNNN",
      },
      Object {
        "farm": 4,
        "id": "33501650195",
        "isfamily": 0,
        "isfriend": 0,
        "ispublic": 1,
        "owner": "86354760@N00",
        "secret": "c99acb2a45",
        "server": "3817",
        "title": "Aurora Borealis | Uttakleiv",
      },
      Object {
        "farm": 3,
        "id": "33473554256",
        "isfamily": 0,
        "isfriend": 0,
        "ispublic": 1,
        "owner": "7119992@N05",
        "secret": "938d6663b0",
        "server": "2861",
        "title": "abeja peluda",
      },
      Object {
        "farm": 3,
        "id": "32662860854",
        "isfamily": 0,
        "isfriend": 0,
        "ispublic": 1,
        "owner": "41266938@N07",
        "secret": "e1d52ca0b6",
        "server": "2855",
        "title": "DB 6507 @ Zandstraat",
      },
      Object {
        "farm": 3,
        "id": "33505161705",
        "isfamily": 0,
        "isfriend": 0,
        "ispublic": 1,
        "owner": "29444740@N08",
        "secret": "f3034fbfb6",
        "server": "2856",
        "title": "Cocktail hour",
      },
      Object {
        "farm": 4,
        "id": "33500923795",
        "isfamily": 0,
        "isfriend": 0,
        "ispublic": 1,
        "owner": "111681678@N08",
        "secret": "68314d2388",
        "server": "3867",
        "title": "Pine Marten Surprise!",
      },
      Object {
        "farm": 3,
        "id": "33510891895",
        "isfamily": 0,
        "isfriend": 0,
        "ispublic": 1,
        "owner": "77080392@N05",
        "secret": "aa7f9cd5e1",
        "server": "2846",
        "title": "Centraal station Amsterdam (in explore)",
      },
      Object {
        "farm": 4,
        "id": "33471564776",
        "isfamily": 0,
        "isfriend": 0,
        "ispublic": 1,
        "owner": "70850937@N03",
        "secret": "4bd97da4f0",
        "server": "3834",
        "title": "Bangkok - Thailand 2014 | MM-03063040",
      },
      Object {
        "farm": 4,
        "id": "32668335284",
        "isfamily": 0,
        "isfriend": 0,
        "ispublic": 1,
        "owner": "10109159@N07",
        "secret": "73ef3a10ee",
        "server": "3876",
        "title": "Juvenile Peregrine. (Explored)",
      },
      Object {
        "farm": 3,
        "id": "32665979114",
        "isfamily": 0,
        "isfriend": 0,
        "ispublic": 1,
        "owner": "20999465@N02",
        "secret": "a4e0eb95d8",
        "server": "2942",
        "title": "Dahlia 'Koganei Fubuki'",
      },
      Object {
        "farm": 3,
        "id": "33508946345",
        "isfamily": 0,
        "isfriend": 0,
        "ispublic": 1,
        "owner": "68157640@N04",
        "secret": "3fce8fdf72",
        "server": "2912",
        "title": "Callanish Sunrise",
      },
      Object {
        "farm": 4,
        "id": "33354071802",
        "isfamily": 0,
        "isfriend": 0,
        "ispublic": 1,
        "owner": "27439218@N08",
        "secret": "e931da2340",
        "server": "3669",
        "title": "Killdeer",
      },
      Object {
        "farm": 3,
        "id": "33352641322",
        "isfamily": 0,
        "isfriend": 0,
        "ispublic": 1,
        "owner": "24889408@N02",
        "secret": "9a80d495d5",
        "server": "2807",
        "title": "Mom and baby gator \\"EXPLORED\\" 03.18.17 #55",
      },
      Object {
        "farm": 3,
        "id": "33469089596",
        "isfamily": 0,
        "isfriend": 0,
        "ispublic": 1,
        "owner": "12851146@N00",
        "secret": "43fc53aed5",
        "server": "2942",
        "title": "Lovely Day for a Guinness",
      },
      Object {
        "farm": 4,
        "id": "33460456336",
        "isfamily": 0,
        "isfriend": 0,
        "ispublic": 1,
        "owner": "131330330@N02",
        "secret": "30d0bf7fb5",
        "server": "3810",
        "title": "Awakened Mind",
      },
      Object {
        "farm": 4,
        "id": "33384511591",
        "isfamily": 0,
        "isfriend": 0,
        "ispublic": 1,
        "owner": "79843320@N00",
        "secret": "ebc80b20ac",
        "server": "3695",
        "title": "Duinkerke Frankrijk (08) Eglise Saint-Martin - In Explore op 18-03-2017 # 053 - Have a nice Sunday!",
      },
      Object {
        "farm": 4,
        "id": "33504837065",
        "isfamily": 0,
        "isfriend": 0,
        "ispublic": 1,
        "owner": "21053104@N03",
        "secret": "c62b1c9ec3",
        "server": "3771",
        "title": "Connecting Europe",
      },
      Object {
        "farm": 3,
        "id": "33386242591",
        "isfamily": 0,
        "isfriend": 0,
        "ispublic": 1,
        "owner": "40003624@N06",
        "secret": "4fc4c49026",
        "server": "2848",
        "title": "Short-eared Owl",
      },
      Object {
        "farm": 4,
        "id": "33351609322",
        "isfamily": 0,
        "isfriend": 0,
        "ispublic": 1,
        "owner": "118629947@N03",
        "secret": "02c2dbff84",
        "server": "3912",
        "title": "BB15020 - 839128 Châlons en Champagne - Paris Est",
      },
      Object {
        "farm": 3,
        "id": "32701013653",
        "isfamily": 0,
        "isfriend": 0,
        "ispublic": 1,
        "owner": "85180530@N02",
        "secret": "afb418fd8f",
        "server": "2941",
        "title": "Horned Grebe",
      },
      Object {
        "farm": 3,
        "id": "33501612855",
        "isfamily": 0,
        "isfriend": 0,
        "ispublic": 1,
        "owner": "95539417@N05",
        "secret": "3b24bb749f",
        "server": "2864",
        "title": "Defenders",
      },
      Object {
        "farm": 3,
        "id": "33120879710",
        "isfamily": 0,
        "isfriend": 0,
        "ispublic": 1,
        "owner": "130901411@N04",
        "secret": "845c7448ce",
        "server": "2947",
        "title": "stairs (explored)",
      },
      Object {
        "farm": 3,
        "id": "33505059485",
        "isfamily": 0,
        "isfriend": 0,
        "ispublic": 1,
        "owner": "38936058@N02",
        "secret": "2fab6bc1f7",
        "server": "2916",
        "title": "イチゴデニッシュ",
      },
      Object {
        "farm": 4,
        "id": "32662258934",
        "isfamily": 0,
        "isfriend": 0,
        "ispublic": 1,
        "owner": "17516529@N00",
        "secret": "74dbe30a48",
        "server": "3939",
        "title": "A little light",
      },
      Object {
        "farm": 4,
        "id": "33467901906",
        "isfamily": 0,
        "isfriend": 0,
        "ispublic": 1,
        "owner": "55441668@N02",
        "secret": "ae599e1e98",
        "server": "3741",
        "title": "Hobby (Falco subbuteo)",
      },
      Object {
        "farm": 3,
        "id": "33133711970",
        "isfamily": 0,
        "isfriend": 0,
        "ispublic": 1,
        "owner": "57318799@N08",
        "secret": "89e40780c1",
        "server": "2878",
        "title": "Valley Vineyard Views - explore",
      },
      Object {
        "farm": 3,
        "id": "32698819123",
        "isfamily": 0,
        "isfriend": 0,
        "ispublic": 1,
        "owner": "10202524@N03",
        "secret": "00aa52d232",
        "server": "2866",
        "title": "Morning Glory",
      },
      Object {
        "farm": 3,
        "id": "33389589331",
        "isfamily": 0,
        "isfriend": 0,
        "ispublic": 1,
        "owner": "75778292@N04",
        "secret": "d8ed162305",
        "server": "2912",
        "title": "Life on Skye",
      },
      Object {
        "farm": 3,
        "id": "33379931861",
        "isfamily": 0,
        "isfriend": 0,
        "ispublic": 1,
        "owner": "60632573@N05",
        "secret": "b5c384e760",
        "server": "2839",
        "title": "Wintervorspann im Ennstal",
      },
      Object {
        "farm": 4,
        "id": "33379168911",
        "isfamily": 0,
        "isfriend": 0,
        "ispublic": 1,
        "owner": "40875586@N07",
        "secret": "01612d5a19",
        "server": "3788",
        "title": "hunger..",
      },
      Object {
        "farm": 4,
        "id": "32674153114",
        "isfamily": 0,
        "isfriend": 0,
        "ispublic": 1,
        "owner": "87829404@N02",
        "secret": "0d9f6ca012",
        "server": "3855",
        "title": "You on my left move in a little ..... PLEASE :-)) (Explored)",
      },
      Object {
        "farm": 3,
        "id": "33505938585",
        "isfamily": 0,
        "isfriend": 0,
        "ispublic": 1,
        "owner": "150151855@N04",
        "secret": "6141aea9b3",
        "server": "2946",
        "title": "Umber embankment",
      },
      Object {
        "farm": 4,
        "id": "33360918542",
        "isfamily": 0,
        "isfriend": 0,
        "ispublic": 1,
        "owner": "14924442@N04",
        "secret": "ce4cc341c0",
        "server": "3856",
        "title": "This could be Heaven or this could be Hell?",
      },
      Object {
        "farm": 3,
        "id": "33128577340",
        "isfamily": 0,
        "isfriend": 0,
        "ispublic": 1,
        "owner": "130021923@N07",
        "secret": "1d7e4c9289",
        "server": "2847",
        "title": "Togetherness",
      },
      Object {
        "farm": 4,
        "id": "32674623684",
        "isfamily": 0,
        "isfriend": 0,
        "ispublic": 1,
        "owner": "58604675@N05",
        "secret": "81db702f16",
        "server": "3695",
        "title": "The Duel",
      },
      Object {
        "farm": 3,
        "id": "32667443734",
        "isfamily": 0,
        "isfriend": 0,
        "ispublic": 1,
        "owner": "38391574@N04",
        "secret": "d55f1a959b",
        "server": "2862",
        "title": "Untitled",
      },
      Object {
        "farm": 3,
        "id": "33362032052",
        "isfamily": 0,
        "isfriend": 0,
        "ispublic": 1,
        "owner": "51434089@N04",
        "secret": "3ddf1bf49a",
        "server": "2921",
        "title": "Hanging in there",
      },
      Object {
        "farm": 1,
        "id": "33133683670",
        "isfamily": 0,
        "isfriend": 0,
        "ispublic": 1,
        "owner": "41914510@N00",
        "secret": "274ee35522",
        "server": "653",
        "title": "My best photo yesterday of San Francisco's \\"St. Patrick's Day Block Party\\" crowd outside of three SF restaurants: Harrington's, the Royal Exchange and Schroeder's.",
      },
      Object {
        "farm": 4,
        "id": "33511267615",
        "isfamily": 0,
        "isfriend": 0,
        "ispublic": 1,
        "owner": "72792867@N00",
        "secret": "376e86ebb5",
        "server": "3673",
        "title": "Cao Pha valley, Mu Cang Chai",
      },
      Object {
        "farm": 4,
        "id": "33359868592",
        "isfamily": 0,
        "isfriend": 0,
        "ispublic": 1,
        "owner": "48131564@N08",
        "secret": "0b0410c1ac",
        "server": "3753",
        "title": "witte kwikstaart",
      },
      Object {
        "farm": 4,
        "id": "32673740514",
        "isfamily": 0,
        "isfriend": 0,
        "ispublic": 1,
        "owner": "54105470@N00",
        "secret": "83f4432aae",
        "server": "3933",
        "title": "Petit duc maculé",
      },
      Object {
        "farm": 4,
        "id": "33504725485",
        "isfamily": 0,
        "isfriend": 0,
        "ispublic": 1,
        "owner": "141705490@N03",
        "secret": "08b3e3c3d9",
        "server": "3952",
        "title": "Heart",
      },
      Object {
        "farm": 4,
        "id": "33388797191",
        "isfamily": 0,
        "isfriend": 0,
        "ispublic": 1,
        "owner": "133359838@N06",
        "secret": "4bfa979274",
        "server": "3849",
        "title": "Löwen Classics Braunschweig 2017",
      },
      Object {
        "farm": 4,
        "id": "33357008382",
        "isfamily": 0,
        "isfriend": 0,
        "ispublic": 1,
        "owner": "45921717@N02",
        "secret": "c3bc5bae30",
        "server": "3908",
        "title": "Sminthurides malmgreni",
      },
      Object {
        "farm": 4,
        "id": "33356206542",
        "isfamily": 0,
        "isfriend": 0,
        "ispublic": 1,
        "owner": "9754872@N08",
        "secret": "92fd50ba94",
        "server": "3896",
        "title": "sweet pees & calendulas",
      },
      Object {
        "farm": 3,
        "id": "33477572156",
        "isfamily": 0,
        "isfriend": 0,
        "ispublic": 1,
        "owner": "21845260@N00",
        "secret": "1def365005",
        "server": "2819",
        "title": "FATHER'S DAY",
      },
      Object {
        "farm": 1,
        "id": "32666996484",
        "isfamily": 0,
        "isfriend": 0,
        "ispublic": 1,
        "owner": "26953621@N03",
        "secret": "3d51c6925f",
        "server": "628",
        "title": "14. Contemplative:  Brothers Peter, Peter and Peter of the Order of Contemplative Surrealism meditate upon Lesson 13 from the Book of Magritte: \\"This is not a daffodil\\".",
      },
      Object {
        "farm": 4,
        "id": "33515314565",
        "isfamily": 0,
        "isfriend": 0,
        "ispublic": 1,
        "owner": "134385668@N03",
        "secret": "5a4097998b",
        "server": "3767",
        "title": "✨ Twinkling blossoms... ✨",
      },
      Object {
        "farm": 4,
        "id": "33508599165",
        "isfamily": 0,
        "isfriend": 0,
        "ispublic": 1,
        "owner": "137128822@N02",
        "secret": "d1e9acab3e",
        "server": "3924",
        "title": "751.033+192+035, 13.3.2017",
      },
      Object {
        "farm": 4,
        "id": "33346122722",
        "isfamily": 0,
        "isfriend": 0,
        "ispublic": 1,
        "owner": "135117041@N06",
        "secret": "a2cbb41a34",
        "server": "3818",
        "title": "Boy at the Museum",
      },
      Object {
        "farm": 3,
        "id": "33122203730",
        "isfamily": 0,
        "isfriend": 0,
        "ispublic": 1,
        "owner": "55574675@N06",
        "secret": "f1db790a13",
        "server": "2928",
        "title": "Het Paaslam ?",
      },
      Object {
        "farm": 3,
        "id": "32666891144",
        "isfamily": 0,
        "isfriend": 0,
        "ispublic": 1,
        "owner": "137956613@N08",
        "secret": "bc650f9168",
        "server": "2846",
        "title": "Morning Sun",
      },
      Object {
        "farm": 4,
        "id": "32665825384",
        "isfamily": 0,
        "isfriend": 0,
        "ispublic": 1,
        "owner": "24549605@N04",
        "secret": "ba283e86aa",
        "server": "3949",
        "title": "The way it used to be..",
      },
      Object {
        "farm": 3,
        "id": "33386856031",
        "isfamily": 0,
        "isfriend": 0,
        "ispublic": 1,
        "owner": "141758701@N02",
        "secret": "c6d81ab9e0",
        "server": "2889",
        "title": "Lego X-men",
      },
      Object {
        "farm": 3,
        "id": "33382642041",
        "isfamily": 0,
        "isfriend": 0,
        "ispublic": 1,
        "owner": "128592570@N05",
        "secret": "8456eb3b14",
        "server": "2873",
        "title": "IDSMO - R2 - Star Wars Music Box",
      },
      Object {
        "farm": 3,
        "id": "33376956151",
        "isfamily": 0,
        "isfriend": 0,
        "ispublic": 1,
        "owner": "94967165@N06",
        "secret": "94f4d80847",
        "server": "2889",
        "title": "Blanquita",
      },
      Object {
        "farm": 4,
        "id": "32701770603",
        "isfamily": 0,
        "isfriend": 0,
        "ispublic": 1,
        "owner": "146201368@N03",
        "secret": "c801ddfeef",
        "server": "3834",
        "title": "Ice cold sunset",
      },
    ],
    "total": 500,
  },
  "stat": "ok",
}
`;
