// Jest Snapshot v1, https://goo.gl/fbAQLP

exports[`flickr.photos.licenses.getInfo 1`] = `
Object {
  "licenses": Object {
    "license": Array [
      Object {
        "id": "0",
        "name": "All Rights Reserved",
        "url": "",
      },
      Object {
        "id": "4",
        "name": "Attribution License",
        "url": "https://creativecommons.org/licenses/by/2.0/",
      },
      Object {
        "id": "6",
        "name": "Attribution-NoDerivs License",
        "url": "https://creativecommons.org/licenses/by-nd/2.0/",
      },
      Object {
        "id": "3",
        "name": "Attribution-NonCommercial-NoDerivs License",
        "url": "https://creativecommons.org/licenses/by-nc-nd/2.0/",
      },
      Object {
        "id": "2",
        "name": "Attribution-NonCommercial License",
        "url": "https://creativecommons.org/licenses/by-nc/2.0/",
      },
      Object {
        "id": "1",
        "name": "Attribution-NonCommercial-ShareAlike License",
        "url": "https://creativecommons.org/licenses/by-nc-sa/2.0/",
      },
      Object {
        "id": "5",
        "name": "Attribution-ShareAlike License",
        "url": "https://creativecommons.org/licenses/by-sa/2.0/",
      },
      Object {
        "id": "7",
        "name": "No known copyright restrictions",
        "url": "https://www.flickr.com/commons/usage/",
      },
      Object {
        "id": "8",
        "name": "United States Government Work",
        "url": "http://www.usa.gov/copyright.shtml",
      },
      Object {
        "id": "9",
        "name": "Public Domain Dedication (CC0)",
        "url": "https://creativecommons.org/publicdomain/zero/1.0/",
      },
      Object {
        "id": "10",
        "name": "Public Domain Mark",
        "url": "https://creativecommons.org/publicdomain/mark/1.0/",
      },
    ],
  },
  "stat": "ok",
}
`;
