// Jest Snapshot v1, https://goo.gl/fbAQLP

exports[`flickr.machinetags.getNamespaces 1`] = `
Object {
  "namespaces": Object {
    "namespace": Array [
      Object {
        "_content": "a",
        "predicates": "17",
        "usage": "50315",
      },
      Object {
        "_content": "a01234567890123456789012345678901234567890123456789012345678",
        "predicates": "1",
        "usage": "1",
      },
      Object {
        "_content": "aa",
        "predicates": "1",
        "usage": "1",
      },
      Object {
        "_content": "aa0123456789012345678901234567890123456789012345678901234567",
        "predicates": "1",
        "usage": "2",
      },
      Object {
        "_content": "aaa",
        "predicates": "3",
        "usage": "5",
      },
      Object {
        "_content": "aab",
        "predicates": "4",
        "usage": "20",
      },
      Object {
        "_content": "aabcopen",
        "predicates": "1",
        "usage": "2",
      },
      Object {
        "_content": "aap",
        "predicates": "1",
        "usage": "1",
      },
      Object {
        "_content": "ab",
        "predicates": "4",
        "usage": "10326",
      },
      Object {
        "_content": "abc",
        "predicates": "4",
        "usage": "61",
      },
      Object {
        "_content": "abc_open",
        "predicates": "1",
        "usage": "6",
      },
      Object {
        "_content": "abcope",
        "predicates": "1",
        "usage": "105",
      },
      Object {
        "_content": "abcopen",
        "predicates": "21",
        "usage": "29086",
      },
      Object {
        "_content": "abcopn",
        "predicates": "1",
        "usage": "1",
      },
      Object {
        "_content": "abcopne",
        "predicates": "1",
        "usage": "7",
      },
      Object {
        "_content": "abcpen",
        "predicates": "1",
        "usage": "4",
      },
      Object {
        "_content": "abcpopen",
        "predicates": "1",
        "usage": "1",
      },
      Object {
        "_content": "abdopen",
        "predicates": "1",
        "usage": "1",
      },
      Object {
        "_content": "abendslastfm",
        "predicates": "1",
        "usage": "1",
      },
      Object {
        "_content": "aberphotosoc",
        "predicates": "1",
        "usage": "100",
      },
      Object {
        "_content": "abg",
        "predicates": "1",
        "usage": "4",
      },
      Object {
        "_content": "abi",
        "predicates": "1",
        "usage": "958",
      },
      Object {
        "_content": "abitgone",
        "predicates": "1",
        "usage": "1",
      },
      Object {
        "_content": "abocopen",
        "predicates": "1",
        "usage": "1",
      },
      Object {
        "_content": "abopen",
        "predicates": "1",
        "usage": "15",
      },
      Object {
        "_content": "aborigiabcopen",
        "predicates": "1",
        "usage": "1",
      },
      Object {
        "_content": "about",
        "predicates": "2",
        "usage": "2",
      },
      Object {
        "_content": "abracadabra",
        "predicates": "1",
        "usage": "1",
      },
      Object {
        "_content": "absopen",
        "predicates": "1",
        "usage": "3",
      },
      Object {
        "_content": "abstract",
        "predicates": "3",
        "usage": "36",
      },
      Object {
        "_content": "abudance",
        "predicates": "1",
        "usage": "1",
      },
      Object {
        "_content": "abundance",
        "predicates": "2",
        "usage": "49",
      },
      Object {
        "_content": "ac365",
        "predicates": "1",
        "usage": "92",
      },
      Object {
        "_content": "acacusgeo",
        "predicates": "1",
        "usage": "1",
      },
      Object {
        "_content": "acbopen",
        "predicates": "1",
        "usage": "1",
      },
      Object {
        "_content": "accessceramics",
        "predicates": "12",
        "usage": "27907",
      },
      Object {
        "_content": "achakbrooks",
        "predicates": "1",
        "usage": "1",
      },
      Object {
        "_content": "acitve",
        "predicates": "1",
        "usage": "8",
      },
      Object {
        "_content": "acive",
        "predicates": "1",
        "usage": "1",
      },
      Object {
        "_content": "ackurapr",
        "predicates": "1",
        "usage": "148",
      },
      Object {
        "_content": "acopen",
        "predicates": "1",
        "usage": "1",
      },
      Object {
        "_content": "acousticlastfm",
        "predicates": "1",
        "usage": "1",
      },
      Object {
        "_content": "acs",
        "predicates": "3",
        "usage": "314",
      },
      Object {
        "_content": "actice",
        "predicates": "1",
        "usage": "2",
      },
      Object {
        "_content": "actiive",
        "predicates": "1",
        "usage": "1",
      },
      Object {
        "_content": "actionquest",
        "predicates": "1",
        "usage": "6755",
      },
      Object {
        "_content": "active",
        "predicates": "4",
        "usage": "180154",
      },
      Object {
        "_content": "activer",
        "predicates": "1",
        "usage": "1",
      },
      Object {
        "_content": "activity",
        "predicates": "5",
        "usage": "68",
      },
      Object {
        "_content": "activitystreams",
        "predicates": "2",
        "usage": "7",
      },
      Object {
        "_content": "acuity",
        "predicates": "1",
        "usage": "1",
      },
      Object {
        "_content": "acute",
        "predicates": "4",
        "usage": "4",
      },
      Object {
        "_content": "ad",
        "predicates": "1",
        "usage": "2",
      },
      Object {
        "_content": "adactio",
        "predicates": "2",
        "usage": "5683",
      },
      Object {
        "_content": "addess",
        "predicates": "1",
        "usage": "1",
      },
      Object {
        "_content": "addgrp",
        "predicates": "9",
        "usage": "52028",
      },
      Object {
        "_content": "additional",
        "predicates": "1",
        "usage": "1",
      },
      Object {
        "_content": "addr",
        "predicates": "1",
        "usage": "1",
      },
      Object {
        "_content": "address",
        "predicates": "24",
        "usage": "90979",
      },
      Object {
        "_content": "aded",
        "predicates": "1",
        "usage": "1",
      },
      Object {
        "_content": "adobe",
        "predicates": "2",
        "usage": "3",
      },
      Object {
        "_content": "adorabletaxonomy",
        "predicates": "1",
        "usage": "1",
      },
      Object {
        "_content": "adotn",
        "predicates": "2",
        "usage": "8",
      },
      Object {
        "_content": "adp",
        "predicates": "7",
        "usage": "10113",
      },
      Object {
        "_content": "adr",
        "predicates": "4",
        "usage": "4",
      },
      Object {
        "_content": "adreeno",
        "predicates": "2",
        "usage": "22",
      },
      Object {
        "_content": "adsf",
        "predicates": "1",
        "usage": "1",
      },
      Object {
        "_content": "adveco",
        "predicates": "3",
        "usage": "8",
      },
      Object {
        "_content": "aeo",
        "predicates": "1",
        "usage": "2",
      },
      Object {
        "_content": "aer",
        "predicates": "1",
        "usage": "1",
      },
      Object {
        "_content": "aerei",
        "predicates": "1",
        "usage": "1",
      },
      Object {
        "_content": "aerialexif",
        "predicates": "1",
        "usage": "1",
      },
      Object {
        "_content": "aero",
        "predicates": "41",
        "usage": "143009",
      },
      Object {
        "_content": "aeron",
        "predicates": "1",
        "usage": "1",
      },
      Object {
        "_content": "aerotaggedaero",
        "predicates": "1",
        "usage": "1",
      },
      Object {
        "_content": "aeyc2011",
        "predicates": "2",
        "usage": "10258",
      },
      Object {
        "_content": "af",
        "predicates": "1",
        "usage": "1",
      },
      Object {
        "_content": "afe",
        "predicates": "1",
        "usage": "1",
      },
      Object {
        "_content": "afecados",
        "predicates": "1",
        "usage": "1",
      },
      Object {
        "_content": "afectados",
        "predicates": "1",
        "usage": "204",
      },
      Object {
        "_content": "africa",
        "predicates": "1",
        "usage": "1",
      },
      Object {
        "_content": "afs",
        "predicates": "1",
        "usage": "1",
      },
      Object {
        "_content": "agations",
        "predicates": "1",
        "usage": "1",
      },
      Object {
        "_content": "age",
        "predicates": "1",
        "usage": "237",
      },
      Object {
        "_content": "agm",
        "predicates": "1",
        "usage": "2",
      },
      Object {
        "_content": "agora",
        "predicates": "1",
        "usage": "303",
      },
      Object {
        "_content": "agr",
        "predicates": "1",
        "usage": "2",
      },
      Object {
        "_content": "agriculture",
        "predicates": "2",
        "usage": "2",
      },
      Object {
        "_content": "agricultureday",
        "predicates": "1",
        "usage": "1",
      },
      Object {
        "_content": "agriturismo",
        "predicates": "3",
        "usage": "3",
      },
      Object {
        "_content": "aguther",
        "predicates": "1",
        "usage": "2",
      },
      Object {
        "_content": "ahfow",
        "predicates": "2",
        "usage": "713",
      },
      Object {
        "_content": "ahoo",
        "predicates": "1",
        "usage": "5",
      },
      Object {
        "_content": "ailpage",
        "predicates": "2",
        "usage": "2",
      },
      Object {
        "_content": "aim",
        "predicates": "1",
        "usage": "32",
      },
      Object {
        "_content": "aircraft",
        "predicates": "6",
        "usage": "93",
      },
      Object {
        "_content": "airline",
        "predicates": "3",
        "usage": "183",
      },
      Object {
        "_content": "airlinebaggagerestrictions",
        "predicates": "1",
        "usage": "21",
      },
      Object {
        "_content": "airpor",
        "predicates": "1",
        "usage": "1",
      },
      Object {
        "_content": "airport",
        "predicates": "6",
        "usage": "997",
      },
      Object {
        "_content": "aitaxonogeo",
        "predicates": "1",
        "usage": "1",
      },
      Object {
        "_content": "ajaxallhartsberg",
        "predicates": "1",
        "usage": "41",
      },
      Object {
        "_content": "aks",
        "predicates": "1",
        "usage": "16",
      },
      Object {
        "_content": "albofasciatataxonomy",
        "predicates": "1",
        "usage": "1",
      },
      Object {
        "_content": "album",
        "predicates": "4",
        "usage": "9",
      },
      Object {
        "_content": "alcohol",
        "predicates": "1",
        "usage": "1",
      },
      Object {
        "_content": "alcom",
        "predicates": "1",
        "usage": "3",
      },
      Object {
        "_content": "alebrije",
        "predicates": "1",
        "usage": "1",
      },
      Object {
        "_content": "aleph",
        "predicates": "1",
        "usage": "1",
      },
      Object {
        "_content": "alexdc",
        "predicates": "1",
        "usage": "6",
      },
      Object {
        "_content": "algerie",
        "predicates": "1",
        "usage": "1",
      },
      Object {
        "_content": "alive",
        "predicates": "2",
        "usage": "50",
      },
      Object {
        "_content": "all",
        "predicates": "11",
        "usage": "833451",
      },
      Object {
        "_content": "allegrettia",
        "predicates": "1",
        "usage": "1",
      },
      Object {
        "_content": "allisonsuterphotography",
        "predicates": "1",
        "usage": "8",
      },
      Object {
        "_content": "allotmentville",
        "predicates": "1",
        "usage": "24",
      },
      Object {
        "_content": "allschools",
        "predicates": "1",
        "usage": "1",
      },
      Object {
        "_content": "almdorfseinerzeitgeotaggedgeo",
        "predicates": "1",
        "usage": "1",
      },
      Object {
        "_content": "alpha",
        "predicates": "1",
        "usage": "1",
      },
      Object {
        "_content": "alphoto",
        "predicates": "4",
        "usage": "71",
      },
      Object {
        "_content": "alt_title",
        "predicates": "1",
        "usage": "2",
      },
      Object {
        "_content": "alterses",
        "predicates": "1",
        "usage": "1",
      },
      Object {
        "_content": "altim",
        "predicates": "1",
        "usage": "41",
      },
      Object {
        "_content": "altparty",
        "predicates": "1",
        "usage": "195",
      },
      Object {
        "_content": "amactneapplaus",
        "predicates": "1",
        "usage": "1",
      },
      Object {
        "_content": "amarillageo",
        "predicates": "1",
        "usage": "1",
      },
      Object {
        "_content": "amazon",
        "predicates": "4",
        "usage": "4",
      },
      Object {
        "_content": "amera",
        "predicates": "1",
        "usage": "1",
      },
      Object {
        "_content": "american",
        "predicates": "1",
        "usage": "4",
      },
      Object {
        "_content": "americanatasonomy",
        "predicates": "1",
        "usage": "1",
      },
      Object {
        "_content": "americanataxonomy",
        "predicates": "1",
        "usage": "1",
      },
      Object {
        "_content": "amigu",
        "predicates": "1",
        "usage": "1",
      },
      Object {
        "_content": "aminal",
        "predicates": "1",
        "usage": "22",
      },
      Object {
        "_content": "ampedweb",
        "predicates": "2",
        "usage": "160",
      },
      Object {
        "_content": "amtrak",
        "predicates": "1",
        "usage": "2",
      },
      Object {
        "_content": "amy",
        "predicates": "1",
        "usage": "4",
      },
      Object {
        "_content": "amykettenburg",
        "predicates": "3",
        "usage": "48",
      },
      Object {
        "_content": "anaed",
        "predicates": "1",
        "usage": "1",
      },
      Object {
        "_content": "analog",
        "predicates": "2",
        "usage": "2",
      },
      Object {
        "_content": "anawesomeshotgeo",
        "predicates": "1",
        "usage": "1",
      },
      Object {
        "_content": "anda",
        "predicates": "1",
        "usage": "1",
      },
      Object {
        "_content": "andigraf",
        "predicates": "2",
        "usage": "4",
      },
      Object {
        "_content": "andreas_godel",
        "predicates": "1",
        "usage": "73",
      },
      Object {
        "_content": "andrewdisley",
        "predicates": "1",
        "usage": "15",
      },
      Object {
        "_content": "andrewstuartphotos",
        "predicates": "1",
        "usage": "15",
      },
      Object {
        "_content": "animal",
        "predicates": "11",
        "usage": "907",
      },
      Object {
        "_content": "animals",
        "predicates": "2",
        "usage": "2",
      },
      Object {
        "_content": "animalstaxonomy",
        "predicates": "1",
        "usage": "2",
      },
      Object {
        "_content": "annapumerphotography",
        "predicates": "1",
        "usage": "77",
      },
      Object {
        "_content": "anointedfaith",
        "predicates": "1",
        "usage": "333",
      },
      Object {
        "_content": "anoodi",
        "predicates": "1",
        "usage": "29",
      },
      Object {
        "_content": "another",
        "predicates": "1",
        "usage": "1",
      },
      Object {
        "_content": "anthropology",
        "predicates": "1",
        "usage": "1",
      },
      Object {
        "_content": "antidot",
        "predicates": "1",
        "usage": "1",
      },
      Object {
        "_content": "antonlindstrom",
        "predicates": "1",
        "usage": "1",
      },
      Object {
        "_content": "antonlindstromcom",
        "predicates": "1",
        "usage": "157",
      },
      Object {
        "_content": "any",
        "predicates": "1",
        "usage": "2",
      },
      Object {
        "_content": "anyvite",
        "predicates": "1",
        "usage": "33",
      },
      Object {
        "_content": "aperture",
        "predicates": "4",
        "usage": "3005",
      },
      Object {
        "_content": "api",
        "predicates": "1",
        "usage": "1",
      },
      Object {
        "_content": "apian",
        "predicates": "1",
        "usage": "7",
      },
      Object {
        "_content": "apmyride",
        "predicates": "1",
        "usage": "3",
      },
      Object {
        "_content": "apn",
        "predicates": "1",
        "usage": "183",
      },
      Object {
        "_content": "apollo11",
        "predicates": "1",
        "usage": "1",
      },
      Object {
        "_content": "app",
        "predicates": "2",
        "usage": "3",
      },
      Object {
        "_content": "appelsin",
        "predicates": "1",
        "usage": "1",
      },
      Object {
        "_content": "appetizingarts",
        "predicates": "1",
        "usage": "1",
      },
      Object {
        "_content": "apple",
        "predicates": "1",
        "usage": "9",
      },
      Object {
        "_content": "applestore",
        "predicates": "1",
        "usage": "3",
      },
      Object {
        "_content": "apptest",
        "predicates": "1",
        "usage": "1",
      },
      Object {
        "_content": "apy",
        "predicates": "1",
        "usage": "4",
      },
      Object {
        "_content": "aquarie",
        "predicates": "1",
        "usage": "1",
      },
      Object {
        "_content": "aquiali",
        "predicates": "1",
        "usage": "4847",
      },
      Object {
        "_content": "ar",
        "predicates": "1",
        "usage": "329",
      },
      Object {
        "_content": "arc",
        "predicates": "2",
        "usage": "61",
      },
      Object {
        "_content": "arch",
        "predicates": "9",
        "usage": "133",
      },
      Object {
        "_content": "archerphoto",
        "predicates": "1",
        "usage": "1",
      },
      Object {
        "_content": "archi",
        "predicates": "1",
        "usage": "1",
      },
      Object {
        "_content": "architecture",
        "predicates": "17",
        "usage": "853",
      },
      Object {
        "_content": "architectureexif",
        "predicates": "1",
        "usage": "4",
      },
      Object {
        "_content": "architecure",
        "predicates": "1",
        "usage": "2",
      },
      Object {
        "_content": "archive",
        "predicates": "2",
        "usage": "48",
      },
      Object {
        "_content": "ardecorelastfm",
        "predicates": "1",
        "usage": "4",
      },
      Object {
        "_content": "areo",
        "predicates": "1",
        "usage": "1",
      },
      Object {
        "_content": "arieirogeo",
        "predicates": "1",
        "usage": "1",
      },
      Object {
        "_content": "arist",
        "predicates": "1",
        "usage": "2",
      },
      Object {
        "_content": "arkive",
        "predicates": "1",
        "usage": "5",
      },
      Object {
        "_content": "arnoklein",
        "predicates": "1",
        "usage": "25",
      },
      Object {
        "_content": "around",
        "predicates": "2",
        "usage": "662",
      },
      Object {
        "_content": "arraysecondlife",
        "predicates": "1",
        "usage": "38",
      },
      Object {
        "_content": "arris",
        "predicates": "1",
        "usage": "9",
      },
      Object {
        "_content": "art",
        "predicates": "20",
        "usage": "2271",
      },
      Object {
        "_content": "artemis",
        "predicates": "10",
        "usage": "120",
      },
      Object {
        "_content": "artflickriosapp",
        "predicates": "1",
        "usage": "2",
      },
      Object {
        "_content": "artheworld",
        "predicates": "3",
        "usage": "97",
      },
      Object {
        "_content": "artiat",
        "predicates": "1",
        "usage": "4",
      },
      Object {
        "_content": "article",
        "predicates": "2",
        "usage": "7",
      },
      Object {
        "_content": "artist",
        "predicates": "9",
        "usage": "21601",
      },
      Object {
        "_content": "artisti",
        "predicates": "1",
        "usage": "152",
      },
      Object {
        "_content": "artistic",
        "predicates": "1",
        "usage": "1",
      },
      Object {
        "_content": "artists",
        "predicates": "1",
        "usage": "1",
      },
      Object {
        "_content": "artlickriosapp",
        "predicates": "1",
        "usage": "4",
      },
      Object {
        "_content": "artprize",
        "predicates": "4",
        "usage": "125",
      },
      Object {
        "_content": "artshare",
        "predicates": "2",
        "usage": "2",
      },
      Object {
        "_content": "artsit",
        "predicates": "1",
        "usage": "2",
      },
      Object {
        "_content": "arvoreuploaded",
        "predicates": "1",
        "usage": "1",
      },
      Object {
        "_content": "ary",
        "predicates": "1",
        "usage": "1",
      },
      Object {
        "_content": "asc",
        "predicates": "1",
        "usage": "1",
      },
      Object {
        "_content": "asdf",
        "predicates": "2",
        "usage": "3",
      },
      Object {
        "_content": "asia",
        "predicates": "1",
        "usage": "147",
      },
      Object {
        "_content": "asm",
        "predicates": "1",
        "usage": "2",
      },
      Object {
        "_content": "asrtro",
        "predicates": "1",
        "usage": "1",
      },
      Object {
        "_content": "ass",
        "predicates": "1",
        "usage": "1",
      },
      Object {
        "_content": "asset",
        "predicates": "4",
        "usage": "6",
      },
      Object {
        "_content": "astfm",
        "predicates": "1",
        "usage": "949",
      },
      Object {
        "_content": "asto",
        "predicates": "2",
        "usage": "2",
      },
      Object {
        "_content": "astr",
        "predicates": "1",
        "usage": "1",
      },
      Object {
        "_content": "astro",
        "predicates": "30",
        "usage": "16426",
      },
      Object {
        "_content": "astrometrydotnet",
        "predicates": "4",
        "usage": "188348",
      },
      Object {
        "_content": "astronomy",
        "predicates": "5",
        "usage": "910",
      },
      Object {
        "_content": "astrp",
        "predicates": "1",
        "usage": "6",
      },
      Object {
        "_content": "asv",
        "predicates": "1",
        "usage": "7",
      },
      Object {
        "_content": "asw",
        "predicates": "5",
        "usage": "5",
      },
      Object {
        "_content": "ataxonomy",
        "predicates": "1",
        "usage": "1",
      },
      Object {
        "_content": "atdsbook",
        "predicates": "1",
        "usage": "352",
      },
      Object {
        "_content": "athrotaxisexif",
        "predicates": "1",
        "usage": "1",
      },
      Object {
        "_content": "atib",
        "predicates": "1",
        "usage": "1",
      },
      Object {
        "_content": "ative",
        "predicates": "1",
        "usage": "1",
      },
      Object {
        "_content": "atlas",
        "predicates": "5",
        "usage": "428",
      },
      Object {
        "_content": "atmosphere",
        "predicates": "7",
        "usage": "1245",
      },
      Object {
        "_content": "atoc_2012",
        "predicates": "1",
        "usage": "60",
      },
      Object {
        "_content": "atsro",
        "predicates": "1",
        "usage": "1",
      },
      Object {
        "_content": "atxonomy",
        "predicates": "1",
        "usage": "2",
      },
      Object {
        "_content": "au",
        "predicates": "1",
        "usage": "1",
      },
      Object {
        "_content": "au_snow",
        "predicates": "4",
        "usage": "4732",
      },
      Object {
        "_content": "auction",
        "predicates": "1",
        "usage": "161",
      },
      Object {
        "_content": "audio",
        "predicates": "1",
        "usage": "2",
      },
      Object {
        "_content": "audioasyl",
        "predicates": "1",
        "usage": "7",
      },
      Object {
        "_content": "augustart",
        "predicates": "1",
        "usage": "13",
      },
      Object {
        "_content": "aulastfm",
        "predicates": "1",
        "usage": "1",
      },
      Object {
        "_content": "auletonalser",
        "predicates": "1",
        "usage": "1",
      },
      Object {
        "_content": "aup",
        "predicates": "3",
        "usage": "3",
      },
      Object {
        "_content": "auro",
        "predicates": "1",
        "usage": "1",
      },
      Object {
        "_content": "ausnow",
        "predicates": "7",
        "usage": "39290",
      },
      Object {
        "_content": "australiaflickr",
        "predicates": "1",
        "usage": "2",
      },
      Object {
        "_content": "australiageo",
        "predicates": "3",
        "usage": "4",
      },
      Object {
        "_content": "austriaall",
        "predicates": "1",
        "usage": "1",
      },
      Object {
        "_content": "auswahl",
        "predicates": "1",
        "usage": "98",
      },
      Object {
        "_content": "autata",
        "predicates": "1",
        "usage": "1",
      },
      Object {
        "_content": "auteur",
        "predicates": "1",
        "usage": "7",
      },
      Object {
        "_content": "author",
        "predicates": "2",
        "usage": "3641",
      },
      Object {
        "_content": "auto",
        "predicates": "3",
        "usage": "4",
      },
      Object {
        "_content": "autoflashcomp",
        "predicates": "1",
        "usage": "1",
      },
      Object {
        "_content": "autotag",
        "predicates": "1",
        "usage": "1",
      },
      Object {
        "_content": "autotagger",
        "predicates": "4",
        "usage": "15",
      },
      Object {
        "_content": "avenuelastfm",
        "predicates": "1",
        "usage": "1",
      },
      Object {
        "_content": "averagecolor",
        "predicates": "5",
        "usage": "124",
      },
      Object {
        "_content": "aveyron",
        "predicates": "1",
        "usage": "1",
      },
      Object {
        "_content": "avianexcellencetaxonomy",
        "predicates": "1",
        "usage": "1",
      },
      Object {
        "_content": "aviary",
        "predicates": "7",
        "usage": "56",
      },
      Object {
        "_content": "aviaryapp",
        "predicates": "1",
        "usage": "3",
      },
      Object {
        "_content": "aviation",
        "predicates": "1",
        "usage": "9",
      },
      Object {
        "_content": "avibase",
        "predicates": "1",
        "usage": "11",
      },
      Object {
        "_content": "avidgigs",
        "predicates": "1",
        "usage": "11",
      },
      Object {
        "_content": "awards",
        "predicates": "3",
        "usage": "24",
      },
      Object {
        "_content": "awdawd",
        "predicates": "1",
        "usage": "1",
      },
      Object {
        "_content": "awesomegeo",
        "predicates": "1",
        "usage": "1",
      },
      Object {
        "_content": "awm",
        "predicates": "1",
        "usage": "21",
      },
      Object {
        "_content": "axonomy",
        "predicates": "10",
        "usage": "163",
      },
      Object {
        "_content": "axonsissous",
        "predicates": "1",
        "usage": "1",
      },
      Object {
        "_content": "ayamageo",
        "predicates": "1",
        "usage": "1",
      },
      Object {
        "_content": "azalea",
        "predicates": "1",
        "usage": "4",
      },
      Object {
        "_content": "azero",
        "predicates": "1",
        "usage": "1",
      },
      Object {
        "_content": "b",
        "predicates": "3",
        "usage": "3",
      },
      Object {
        "_content": "b3ta",
        "predicates": "1",
        "usage": "878",
      },
      Object {
        "_content": "backpacked",
        "predicates": "1",
        "usage": "1",
      },
      Object {
        "_content": "backpackedit",
        "predicates": "1",
        "usage": "4",
      },
      Object {
        "_content": "backr",
        "predicates": "4",
        "usage": "4461",
      },
      Object {
        "_content": "bacon",
        "predicates": "2",
        "usage": "4",
      },
      Object {
        "_content": "badboy",
        "predicates": "6",
        "usage": "155",
      },
      Object {
        "_content": "badge",
        "predicates": "1",
        "usage": "42",
      },
      Object {
        "_content": "badosa",
        "predicates": "1",
        "usage": "80",
      },
      Object {
        "_content": "bahnmuenchen",
        "predicates": "1",
        "usage": "1",
      },
      Object {
        "_content": "bajandiveractive",
        "predicates": "1",
        "usage": "1",
      },
      Object {
        "_content": "bakedflickrandroidapp",
        "predicates": "1",
        "usage": "1",
      },
      Object {
        "_content": "bamboocurtain",
        "predicates": "1",
        "usage": "1",
      },
      Object {
        "_content": "bandonthewall",
        "predicates": "1",
        "usage": "337",
      },
      Object {
        "_content": "bandsintown",
        "predicates": "2",
        "usage": "781",
      },
      Object {
        "_content": "bandtour",
        "predicates": "1",
        "usage": "1",
      },
      Object {
        "_content": "banshee",
        "predicates": "2",
        "usage": "158",
      },
      Object {
        "_content": "baowup",
        "predicates": "1",
        "usage": "1",
      },
      Object {
        "_content": "bar",
        "predicates": "1",
        "usage": "1",
      },
      Object {
        "_content": "barcamp",
        "predicates": "1",
        "usage": "209",
      },
      Object {
        "_content": "barcampbrighton",
        "predicates": "1",
        "usage": "17",
      },
      Object {
        "_content": "barcamplondon3barcamplondonbarcamplondongooglebbcbackstagebb",
        "predicates": "1",
        "usage": "131",
      },
      Object {
        "_content": "bare",
        "predicates": "1",
        "usage": "2",
      },
      Object {
        "_content": "barefoot",
        "predicates": "1",
        "usage": "2",
      },
      Object {
        "_content": "barista",
        "predicates": "1",
        "usage": "16",
      },
      Object {
        "_content": "barryfrost",
        "predicates": "1",
        "usage": "5",
      },
      Object {
        "_content": "bart",
        "predicates": "1",
        "usage": "93",
      },
      Object {
        "_content": "baseball",
        "predicates": "1",
        "usage": "1",
      },
      Object {
        "_content": "basilicatapotd",
        "predicates": "1",
        "usage": "1",
      },
      Object {
        "_content": "bassistlastfm",
        "predicates": "1",
        "usage": "2",
      },
      Object {
        "_content": "bbc",
        "predicates": "2",
        "usage": "1981",
      },
      Object {
        "_content": "bbcfood",
        "predicates": "1",
        "usage": "3",
      },
      Object {
        "_content": "bbid",
        "predicates": "3",
        "usage": "3",
      },
      Object {
        "_content": "bbr",
        "predicates": "5",
        "usage": "333",
      },
      Object {
        "_content": "bbrunchfoursquare",
        "predicates": "1",
        "usage": "1",
      },
      Object {
        "_content": "bc",
        "predicates": "1",
        "usage": "2480",
      },
      Object {
        "_content": "bcard",
        "predicates": "1",
        "usage": "2",
      },
      Object {
        "_content": "bcopen",
        "predicates": "1",
        "usage": "18",
      },
      Object {
        "_content": "bdp",
        "predicates": "7",
        "usage": "320",
      },
      Object {
        "_content": "beach",
        "predicates": "1",
        "usage": "10",
      },
      Object {
        "_content": "bean_tmp",
        "predicates": "1",
        "usage": "47",
      },
      Object {
        "_content": "beard",
        "predicates": "1",
        "usage": "1",
      },
      Object {
        "_content": "beardlastfm",
        "predicates": "1",
        "usage": "1",
      },
      Object {
        "_content": "beautydish",
        "predicates": "1",
        "usage": "1",
      },
      Object {
        "_content": "becky",
        "predicates": "1",
        "usage": "1",
      },
      Object {
        "_content": "bedworth",
        "predicates": "1",
        "usage": "1",
      },
      Object {
        "_content": "beeloop",
        "predicates": "2",
        "usage": "1213",
      },
      Object {
        "_content": "beer",
        "predicates": "11",
        "usage": "676",
      },
      Object {
        "_content": "beerintheevening",
        "predicates": "1",
        "usage": "1",
      },
      Object {
        "_content": "beershotuploaded",
        "predicates": "1",
        "usage": "1",
      },
      Object {
        "_content": "beespark",
        "predicates": "1",
        "usage": "1",
      },
      Object {
        "_content": "beesparkr",
        "predicates": "1",
        "usage": "1",
      },
      Object {
        "_content": "beesparkt",
        "predicates": "1",
        "usage": "785",
      },
      Object {
        "_content": "behandlung",
        "predicates": "1",
        "usage": "1",
      },
      Object {
        "_content": "belarueo",
        "predicates": "1",
        "usage": "1",
      },
      Object {
        "_content": "beleb",
        "predicates": "1",
        "usage": "1",
      },
      Object {
        "_content": "belgianupcoming",
        "predicates": "1",
        "usage": "1",
      },
      Object {
        "_content": "belice",
        "predicates": "1",
        "usage": "3",
      },
      Object {
        "_content": "beliced",
        "predicates": "1",
        "usage": "1",
      },
      Object {
        "_content": "beliceded",
        "predicates": "1",
        "usage": "1",
      },
      Object {
        "_content": "bellrayslastfm",
        "predicates": "1",
        "usage": "1",
      },
      Object {
        "_content": "belonging",
        "predicates": "1",
        "usage": "1",
      },
      Object {
        "_content": "benandjade",
        "predicates": "1",
        "usage": "30",
      },
      Object {
        "_content": "bendinglight",
        "predicates": "2",
        "usage": "113",
      },
      Object {
        "_content": "benj",
        "predicates": "19",
        "usage": "11545",
      },
      Object {
        "_content": "bentleylastfm",
        "predicates": "1",
        "usage": "1",
      },
      Object {
        "_content": "bentoboxproj",
        "predicates": "1",
        "usage": "17",
      },
      Object {
        "_content": "bentomiso",
        "predicates": "2",
        "usage": "16",
      },
      Object {
        "_content": "berlinlastfm",
        "predicates": "1",
        "usage": "1",
      },
      Object {
        "_content": "bestbloodymary",
        "predicates": "1",
        "usage": "340",
      },
      Object {
        "_content": "betsyfacebook",
        "predicates": "1",
        "usage": "1",
      },
      Object {
        "_content": "beute",
        "predicates": "13",
        "usage": "173",
      },
      Object {
        "_content": "beverage",
        "predicates": "1",
        "usage": "1",
      },
      Object {
        "_content": "bex",
        "predicates": "1",
        "usage": "1",
      },
      Object {
        "_content": "bf",
        "predicates": "5",
        "usage": "3709",
      },
      Object {
        "_content": "bgg",
        "predicates": "1",
        "usage": "2",
      },
      Object {
        "_content": "bhaa",
        "predicates": "1",
        "usage": "1349",
      },
      Object {
        "_content": "bhadrachalarama",
        "predicates": "1",
        "usage": "7",
      },
      Object {
        "_content": "bhl",
        "predicates": "2",
        "usage": "111796",
      },
      Object {
        "_content": "bible",
        "predicates": "3",
        "usage": "5",
      },
      Object {
        "_content": "bicienjambre",
        "predicates": "2",
        "usage": "30",
      },
      Object {
        "_content": "biercycle",
        "predicates": "1",
        "usage": "1",
      },
      Object {
        "_content": "big_bluestem",
        "predicates": "1",
        "usage": "2",
      },
      Object {
        "_content": "bike",
        "predicates": "2",
        "usage": "2",
      },
      Object {
        "_content": "bikes",
        "predicates": "1",
        "usage": "2",
      },
      Object {
        "_content": "bimboed",
        "predicates": "1",
        "usage": "1",
      },
      Object {
        "_content": "biniomial",
        "predicates": "1",
        "usage": "1",
      },
      Object {
        "_content": "binomial",
        "predicates": "4",
        "usage": "40",
      },
      Object {
        "_content": "binova",
        "predicates": "1",
        "usage": "1",
      },
      Object {
        "_content": "bio",
        "predicates": "5",
        "usage": "1716",
      },
      Object {
        "_content": "bio100",
        "predicates": "2",
        "usage": "9",
      },
      Object {
        "_content": "bioblitz2010",
        "predicates": "3",
        "usage": "310",
      },
      Object {
        "_content": "biological",
        "predicates": "3",
        "usage": "3",
      },
      Object {
        "_content": "biology",
        "predicates": "20",
        "usage": "434",
      },
      Object {
        "_content": "biovalidator",
        "predicates": "4",
        "usage": "942",
      },
      Object {
        "_content": "bird",
        "predicates": "2",
        "usage": "2",
      },
      Object {
        "_content": "birmingham",
        "predicates": "1",
        "usage": "1",
      },
      Object {
        "_content": "bit",
        "predicates": "1",
        "usage": "2",
      },
      Object {
        "_content": "bjorn55",
        "predicates": "1",
        "usage": "2",
      },
      Object {
        "_content": "bkgtagr",
        "predicates": "1",
        "usage": "66",
      },
      Object {
        "_content": "bkite",
        "predicates": "3",
        "usage": "59",
      },
      Object {
        "_content": "bktagr",
        "predicates": "1",
        "usage": "1",
      },
      Object {
        "_content": "bl",
        "predicates": "2",
        "usage": "647",
      },
      Object {
        "_content": "bla",
        "predicates": "1",
        "usage": "1",
      },
      Object {
        "_content": "blah",
        "predicates": "4",
        "usage": "6",
      },
      Object {
        "_content": "blansdowne",
        "predicates": "1",
        "usage": "54",
      },
      Object {
        "_content": "blastfm",
        "predicates": "1",
        "usage": "36",
      },
      Object {
        "_content": "blazerphotoboard",
        "predicates": "1",
        "usage": "12",
      },
      Object {
        "_content": "bldg",
        "predicates": "1",
        "usage": "39",
      },
      Object {
        "_content": "blog",
        "predicates": "14",
        "usage": "503",
      },
      Object {
        "_content": "blogcamp",
        "predicates": "1",
        "usage": "9",
      },
      Object {
        "_content": "blogroll",
        "predicates": "2",
        "usage": "2",
      },
      Object {
        "_content": "blondpath",
        "predicates": "1",
        "usage": "1",
      },
      Object {
        "_content": "blue",
        "predicates": "1",
        "usage": "1",
      },
      Object {
        "_content": "blueexif",
        "predicates": "1",
        "usage": "1",
      },
      Object {
        "_content": "bluemars",
        "predicates": "1",
        "usage": "15",
      },
      Object {
        "_content": "blueridems",
        "predicates": "1",
        "usage": "4",
      },
      Object {
        "_content": "blueridgems",
        "predicates": "1",
        "usage": "318",
      },
      Object {
        "_content": "blues",
        "predicates": "1",
        "usage": "3",
      },
      Object {
        "_content": "bluetoneslastfm",
        "predicates": "1",
        "usage": "2",
      },
      Object {
        "_content": "blueupcoming",
        "predicates": "1",
        "usage": "1",
      },
      Object {
        "_content": "bluridgems",
        "predicates": "1",
        "usage": "1",
      },
      Object {
        "_content": "bm",
        "predicates": "2",
        "usage": "1694",
      },
      Object {
        "_content": "bmbc",
        "predicates": "2",
        "usage": "398",
      },
      Object {
        "_content": "bmg",
        "predicates": "1",
        "usage": "5",
      },
      Object {
        "_content": "bmn",
        "predicates": "2",
        "usage": "310",
      },
      Object {
        "_content": "bntrees",
        "predicates": "1",
        "usage": "15",
      },
      Object {
        "_content": "boardgamegeek",
        "predicates": "1",
        "usage": "5",
      },
      Object {
        "_content": "bob",
        "predicates": "2",
        "usage": "273",
      },
      Object {
        "_content": "body",
        "predicates": "1",
        "usage": "1",
      },
      Object {
        "_content": "bokeh",
        "predicates": "1",
        "usage": "8",
      },
      Object {
        "_content": "bolastfm",
        "predicates": "1",
        "usage": "1",
      },
      Object {
        "_content": "bon",
        "predicates": "1",
        "usage": "1",
      },
      Object {
        "_content": "boniface",
        "predicates": "1",
        "usage": "586",
      },
      Object {
        "_content": "bonualluscula",
        "predicates": "1",
        "usage": "1",
      },
      Object {
        "_content": "boo",
        "predicates": "1",
        "usage": "1",
      },
      Object {
        "_content": "book",
        "predicates": "18",
        "usage": "621",
      },
      Object {
        "_content": "book2011",
        "predicates": "1",
        "usage": "177",
      },
      Object {
        "_content": "boomloop",
        "predicates": "3",
        "usage": "99",
      },
      Object {
        "_content": "boop",
        "predicates": "1",
        "usage": "1",
      },
      Object {
        "_content": "bordes",
        "predicates": "1",
        "usage": "242",
      },
      Object {
        "_content": "borevitzlab",
        "predicates": "11",
        "usage": "22",
      },
      Object {
        "_content": "boris",
        "predicates": "1",
        "usage": "54",
      },
      Object {
        "_content": "borisbikes",
        "predicates": "1",
        "usage": "117",
      },
      Object {
        "_content": "botanical",
        "predicates": "1",
        "usage": "1",
      },
      Object {
        "_content": "bottle",
        "predicates": "8",
        "usage": "1219",
      },
      Object {
        "_content": "boulognelastfm",
        "predicates": "1",
        "usage": "4",
      },
      Object {
        "_content": "boulognlastfm",
        "predicates": "1",
        "usage": "1",
      },
      Object {
        "_content": "bowtie",
        "predicates": "4",
        "usage": "44",
      },
      Object {
        "_content": "box",
        "predicates": "1",
        "usage": "1",
      },
      Object {
        "_content": "boxr",
        "predicates": "1",
        "usage": "2",
      },
      Object {
        "_content": "bpmodel",
        "predicates": "4",
        "usage": "16",
      },
      Object {
        "_content": "br",
        "predicates": "4",
        "usage": "186418",
      },
      Object {
        "_content": "br1zero",
        "predicates": "1",
        "usage": "1",
      },
      Object {
        "_content": "brainfoodriddle",
        "predicates": "1",
        "usage": "2",
      },
      Object {
        "_content": "brasilflickr",
        "predicates": "1",
        "usage": "1",
      },
      Object {
        "_content": "brasiliensistaxonomy",
        "predicates": "1",
        "usage": "2",
      },
      Object {
        "_content": "bravo5org",
        "predicates": "4",
        "usage": "406",
      },
      Object {
        "_content": "brdng",
        "predicates": "1",
        "usage": "1",
      },
      Object {
        "_content": "bread",
        "predicates": "3",
        "usage": "6",
      },
      Object {
        "_content": "brettfernauutata",
        "predicates": "1",
        "usage": "1",
      },
      Object {
        "_content": "brick",
        "predicates": "1",
        "usage": "1",
      },
      Object {
        "_content": "brightkite",
        "predicates": "5",
        "usage": "845",
      },
      Object {
        "_content": "brightneighborportland",
        "predicates": "1",
        "usage": "77",
      },
      Object {
        "_content": "brisgrid",
        "predicates": "2",
        "usage": "149",
      },
      Object {
        "_content": "brislife",
        "predicates": "1",
        "usage": "1",
      },
      Object {
        "_content": "bristol",
        "predicates": "1",
        "usage": "1",
      },
      Object {
        "_content": "brittneylo",
        "predicates": "1",
        "usage": "1",
      },
      Object {
        "_content": "brizepix",
        "predicates": "2",
        "usage": "13",
      },
      Object {
        "_content": "brlastfm",
        "predicates": "1",
        "usage": "12",
      },
      Object {
        "_content": "broccoli",
        "predicates": "1",
        "usage": "1",
      },
      Object {
        "_content": "brooklynmuseum",
        "predicates": "1",
        "usage": "196",
      },
      Object {
        "_content": "brooks",
        "predicates": "1",
        "usage": "2",
      },
      Object {
        "_content": "brrrflickrandroidapp",
        "predicates": "1",
        "usage": "1",
      },
      Object {
        "_content": "brt",
        "predicates": "1",
        "usage": "88",
      },
      Object {
        "_content": "brusselstripstad",
        "predicates": "1",
        "usage": "355",
      },
      Object {
        "_content": "brutalrice",
        "predicates": "1",
        "usage": "20",
      },
      Object {
        "_content": "brwb",
        "predicates": "2",
        "usage": "2",
      },
      Object {
        "_content": "bs2009",
        "predicates": "1",
        "usage": "17",
      },
      Object {
        "_content": "bsm",
        "predicates": "10",
        "usage": "101",
      },
      Object {
        "_content": "bsn",
        "predicates": "1",
        "usage": "66",
      },
      Object {
        "_content": "btc",
        "predicates": "1",
        "usage": "1",
      },
      Object {
        "_content": "btf",
        "predicates": "1",
        "usage": "2",
      },
      Object {
        "_content": "btrees",
        "predicates": "1",
        "usage": "4",
      },
      Object {
        "_content": "bts",
        "predicates": "1",
        "usage": "35",
      },
      Object {
        "_content": "bubbble",
        "predicates": "1",
        "usage": "1",
      },
      Object {
        "_content": "bubble",
        "predicates": "1",
        "usage": "1",
      },
      Object {
        "_content": "bucketworks",
        "predicates": "1",
        "usage": "149",
      },
      Object {
        "_content": "bugreport",
        "predicates": "1",
        "usage": "1",
      },
      Object {
        "_content": "building",
        "predicates": "13",
        "usage": "14208",
      },
      Object {
        "_content": "buildings",
        "predicates": "1",
        "usage": "1",
      },
      Object {
        "_content": "buildings_1",
        "predicates": "1",
        "usage": "1",
      },
      Object {
        "_content": "buisiness",
        "predicates": "2",
        "usage": "52",
      },
      Object {
        "_content": "bulletinlastfm",
        "predicates": "1",
        "usage": "1",
      },
      Object {
        "_content": "bunn",
        "predicates": "1",
        "usage": "1",
      },
      Object {
        "_content": "bunny",
        "predicates": "1",
        "usage": "1",
      },
      Object {
        "_content": "burnibngman",
        "predicates": "1",
        "usage": "2",
      },
      Object {
        "_content": "burningman",
        "predicates": "8",
        "usage": "13151",
      },
      Object {
        "_content": "burningswell",
        "predicates": "1",
        "usage": "3",
      },
      Object {
        "_content": "burtonhockey",
        "predicates": "2",
        "usage": "17401",
      },
      Object {
        "_content": "bus",
        "predicates": "5",
        "usage": "52",
      },
      Object {
        "_content": "business",
        "predicates": "8",
        "usage": "112",
      },
      Object {
        "_content": "buskersbernbuskersbern2015scharlatown2015lastfm",
        "predicates": "1",
        "usage": "1",
      },
      Object {
        "_content": "buteotaxonomy",
        "predicates": "1",
        "usage": "1",
      },
      Object {
        "_content": "buttons",
        "predicates": "1",
        "usage": "3",
      },
      Object {
        "_content": "bwh",
        "predicates": "1",
        "usage": "18",
      },
      Object {
        "_content": "by",
        "predicates": "1",
        "usage": "166",
      },
      Object {
        "_content": "bynomial",
        "predicates": "1",
        "usage": "3",
      },
      Object {
        "_content": "bysacc",
        "predicates": "1",
        "usage": "9",
      },
      Object {
        "_content": "bysmalice",
        "predicates": "1",
        "usage": "1",
      },
      Object {
        "_content": "bytenik",
        "predicates": "1",
        "usage": "33",
      },
      Object {
        "_content": "c",
        "predicates": "3",
        "usage": "253",
      },
      Object {
        "_content": "c100",
        "predicates": "1",
        "usage": "1",
      },
      Object {
        "_content": "c22",
        "predicates": "2",
        "usage": "153",
      },
      Object {
        "_content": "c3ma",
        "predicates": "1",
        "usage": "6",
      },
      Object {
        "_content": "cable",
        "predicates": "1",
        "usage": "1",
      },
      Object {
        "_content": "cablemanizales",
        "predicates": "1",
        "usage": "1",
      },
      Object {
        "_content": "cacahuetes",
        "predicates": "1",
        "usage": "1",
      },
      Object {
        "_content": "cadillacslastfm",
        "predicates": "1",
        "usage": "2",
      },
      Object {
        "_content": "caegory",
        "predicates": "1",
        "usage": "3",
      },
      Object {
        "_content": "cafesciorl",
        "predicates": "1",
        "usage": "6",
      },
      Object {
        "_content": "cal",
        "predicates": "3",
        "usage": "61",
      },
      Object {
        "_content": "calagator",
        "predicates": "1",
        "usage": "1",
      },
      Object {
        "_content": "calcuffairstir",
        "predicates": "1",
        "usage": "1",
      },
      Object {
        "_content": "calendar",
        "predicates": "3",
        "usage": "556",
      },
      Object {
        "_content": "calender",
        "predicates": "2",
        "usage": "14",
      },
      Object {
        "_content": "californiageo",
        "predicates": "1",
        "usage": "1",
      },
    ],
    "page": 1,
    "pages": 9,
    "perpage": 500,
    "total": "4236",
  },
  "stat": "ok",
}
`;
