// Jest Snapshot v1, https://goo.gl/fbAQLP

exports[`flickr.machinetags.getPairs 1`] = `
Object {
  "pairs": Object {
    "page": 1,
    "pages": 31,
    "pair": Array [
      Object {
        "_content": "a:a",
        "namespace": "a",
        "predicate": "a",
        "usage": "33310",
      },
      Object {
        "_content": "a:a_a",
        "namespace": "a",
        "predicate": "a_a",
        "usage": "1",
      },
      Object {
        "_content": "a:b",
        "namespace": "a",
        "predicate": "b",
        "usage": "3202",
      },
      Object {
        "_content": "a:c",
        "namespace": "a",
        "predicate": "c",
        "usage": "41",
      },
      Object {
        "_content": "a:color",
        "namespace": "a",
        "predicate": "color",
        "usage": "92",
      },
      Object {
        "_content": "a:d",
        "namespace": "a",
        "predicate": "d",
        "usage": "1",
      },
      Object {
        "_content": "a:e",
        "namespace": "a",
        "predicate": "e",
        "usage": "1",
      },
      Object {
        "_content": "a:flickr",
        "namespace": "a",
        "predicate": "flickr",
        "usage": "10028",
      },
      Object {
        "_content": "a:machine",
        "namespace": "a",
        "predicate": "machine",
        "usage": "2",
      },
      Object {
        "_content": "a:n",
        "namespace": "a",
        "predicate": "n",
        "usage": "1",
      },
      Object {
        "_content": "a:p",
        "namespace": "a",
        "predicate": "p",
        "usage": "3582",
      },
      Object {
        "_content": "a:project",
        "namespace": "a",
        "predicate": "project",
        "usage": "1",
      },
      Object {
        "_content": "a:resource",
        "namespace": "a",
        "predicate": "resource",
        "usage": "14",
      },
      Object {
        "_content": "a:test",
        "namespace": "a",
        "predicate": "test",
        "usage": "1",
      },
      Object {
        "_content": "a:x",
        "namespace": "a",
        "predicate": "x",
        "usage": "36",
      },
      Object {
        "_content": "a:z",
        "namespace": "a",
        "predicate": "z",
        "usage": "1",
      },
      Object {
        "_content": "a:zzzzzzzzzzzzzzzzzzzzzzzzz",
        "namespace": "a",
        "predicate": "zzzzzzzzzzzzzzzzzzzzzzzzz",
        "usage": "1",
      },
      Object {
        "_content": "a01234567890123456789012345678901234567890123456789012345678:b01234567890123456789012345678901234567890123456789012345678",
        "namespace": "a01234567890123456789012345678901234567890123456789012345678",
        "predicate": "b01234567890123456789012345678901234567890123456789012345678",
        "usage": "1",
      },
      Object {
        "_content": "aa:bb",
        "namespace": "aa",
        "predicate": "bb",
        "usage": "1",
      },
      Object {
        "_content": "aa0123456789012345678901234567890123456789012345678901234567:bb0123456789012345678901234567890123456789012345678901234567",
        "namespace": "aa0123456789012345678901234567890123456789012345678901234567",
        "predicate": "bb0123456789012345678901234567890123456789012345678901234567",
        "usage": "2",
      },
      Object {
        "_content": "aaa:bbb",
        "namespace": "aaa",
        "predicate": "bbb",
        "usage": "1",
      },
      Object {
        "_content": "aaa:grouper",
        "namespace": "aaa",
        "predicate": "grouper",
        "usage": "3",
      },
      Object {
        "_content": "aaa:page",
        "namespace": "aaa",
        "predicate": "page",
        "usage": "1",
      },
      Object {
        "_content": "aab:grouping",
        "namespace": "aab",
        "predicate": "grouping",
        "usage": "3",
      },
      Object {
        "_content": "aab:location",
        "namespace": "aab",
        "predicate": "location",
        "usage": "12",
      },
      Object {
        "_content": "aab:tag",
        "namespace": "aab",
        "predicate": "tag",
        "usage": "1",
      },
      Object {
        "_content": "aab:title",
        "namespace": "aab",
        "predicate": "title",
        "usage": "4",
      },
      Object {
        "_content": "aabcopen:project",
        "namespace": "aabcopen",
        "predicate": "project",
        "usage": "2",
      },
      Object {
        "_content": "aap:noot",
        "namespace": "aap",
        "predicate": "noot",
        "usage": "1",
      },
      Object {
        "_content": "ab:better",
        "namespace": "ab",
        "predicate": "better",
        "usage": "4",
      },
      Object {
        "_content": "ab:concert",
        "namespace": "ab",
        "predicate": "concert",
        "usage": "10194",
      },
      Object {
        "_content": "ab:concerts",
        "namespace": "ab",
        "predicate": "concerts",
        "usage": "3",
      },
      Object {
        "_content": "ab:project",
        "namespace": "ab",
        "predicate": "project",
        "usage": "125",
      },
      Object {
        "_content": "abc:def",
        "namespace": "abc",
        "predicate": "def",
        "usage": "1",
      },
      Object {
        "_content": "abc:openproject",
        "namespace": "abc",
        "predicate": "openproject",
        "usage": "20",
      },
      Object {
        "_content": "abc:probect",
        "namespace": "abc",
        "predicate": "probect",
        "usage": "1",
      },
      Object {
        "_content": "abc:project",
        "namespace": "abc",
        "predicate": "project",
        "usage": "39",
      },
      Object {
        "_content": "abc_open:project",
        "namespace": "abc_open",
        "predicate": "project",
        "usage": "6",
      },
      Object {
        "_content": "abcope:project",
        "namespace": "abcope",
        "predicate": "project",
        "usage": "105",
      },
      Object {
        "_content": "abcopen:apple",
        "namespace": "abcopen",
        "predicate": "apple",
        "usage": "2",
      },
      Object {
        "_content": "abcopen:banana",
        "namespace": "abcopen",
        "predicate": "banana",
        "usage": "2",
      },
      Object {
        "_content": "abcopen:beta",
        "namespace": "abcopen",
        "predicate": "beta",
        "usage": "1",
      },
      Object {
        "_content": "abcopen:entry",
        "namespace": "abcopen",
        "predicate": "entry",
        "usage": "684",
      },
      Object {
        "_content": "abcopen:event",
        "namespace": "abcopen",
        "predicate": "event",
        "usage": "36",
      },
      Object {
        "_content": "abcopen:poject",
        "namespace": "abcopen",
        "predicate": "poject",
        "usage": "18",
      },
      Object {
        "_content": "abcopen:portrait",
        "namespace": "abcopen",
        "predicate": "portrait",
        "usage": "8",
      },
      Object {
        "_content": "abcopen:preject",
        "namespace": "abcopen",
        "predicate": "preject",
        "usage": "1",
      },
      Object {
        "_content": "abcopen:preoject",
        "namespace": "abcopen",
        "predicate": "preoject",
        "usage": "1",
      },
      Object {
        "_content": "abcopen:prject",
        "namespace": "abcopen",
        "predicate": "prject",
        "usage": "2",
      },
      Object {
        "_content": "abcopen:proect",
        "namespace": "abcopen",
        "predicate": "proect",
        "usage": "1",
      },
      Object {
        "_content": "abcopen:progect",
        "namespace": "abcopen",
        "predicate": "progect",
        "usage": "3",
      },
      Object {
        "_content": "abcopen:proj",
        "namespace": "abcopen",
        "predicate": "proj",
        "usage": "2",
      },
      Object {
        "_content": "abcopen:projcet",
        "namespace": "abcopen",
        "predicate": "projcet",
        "usage": "1",
      },
      Object {
        "_content": "abcopen:projec",
        "namespace": "abcopen",
        "predicate": "projec",
        "usage": "2",
      },
      Object {
        "_content": "abcopen:project",
        "namespace": "abcopen",
        "predicate": "project",
        "usage": "28221",
      },
      Object {
        "_content": "abcopen:projects",
        "namespace": "abcopen",
        "predicate": "projects",
        "usage": "97",
      },
      Object {
        "_content": "abcopen:propject",
        "namespace": "abcopen",
        "predicate": "propject",
        "usage": "1",
      },
      Object {
        "_content": "abcopen:ptoject",
        "namespace": "abcopen",
        "predicate": "ptoject",
        "usage": "1",
      },
      Object {
        "_content": "abcopen:roject",
        "namespace": "abcopen",
        "predicate": "roject",
        "usage": "1",
      },
      Object {
        "_content": "abcopen:upclose",
        "namespace": "abcopen",
        "predicate": "upclose",
        "usage": "1",
      },
      Object {
        "_content": "abcopn:project",
        "namespace": "abcopn",
        "predicate": "project",
        "usage": "1",
      },
      Object {
        "_content": "abcopne:project",
        "namespace": "abcopne",
        "predicate": "project",
        "usage": "7",
      },
      Object {
        "_content": "abcpen:project",
        "namespace": "abcpen",
        "predicate": "project",
        "usage": "4",
      },
      Object {
        "_content": "abcpopen:project",
        "namespace": "abcpopen",
        "predicate": "project",
        "usage": "1",
      },
      Object {
        "_content": "abdopen:project",
        "namespace": "abdopen",
        "predicate": "project",
        "usage": "1",
      },
      Object {
        "_content": "abendslastfm:event",
        "namespace": "abendslastfm",
        "predicate": "event",
        "usage": "1",
      },
      Object {
        "_content": "aberphotosoc:event",
        "namespace": "aberphotosoc",
        "predicate": "event",
        "usage": "100",
      },
      Object {
        "_content": "abg:homepage",
        "namespace": "abg",
        "predicate": "homepage",
        "usage": "4",
      },
      Object {
        "_content": "abi:uploader",
        "namespace": "abi",
        "predicate": "uploader",
        "usage": "958",
      },
      Object {
        "_content": "abitgone:homepage",
        "namespace": "abitgone",
        "predicate": "homepage",
        "usage": "1",
      },
      Object {
        "_content": "abocopen:project",
        "namespace": "abocopen",
        "predicate": "project",
        "usage": "1",
      },
      Object {
        "_content": "abopen:project",
        "namespace": "abopen",
        "predicate": "project",
        "usage": "15",
      },
      Object {
        "_content": "aborigiabcopen:project",
        "namespace": "aborigiabcopen",
        "predicate": "project",
        "usage": "1",
      },
      Object {
        "_content": "about:birthday",
        "namespace": "about",
        "predicate": "birthday",
        "usage": "1",
      },
      Object {
        "_content": "about:name",
        "namespace": "about",
        "predicate": "name",
        "usage": "1",
      },
      Object {
        "_content": "abracadabra:id",
        "namespace": "abracadabra",
        "predicate": "id",
        "usage": "1",
      },
      Object {
        "_content": "absopen:project",
        "namespace": "absopen",
        "predicate": "project",
        "usage": "3",
      },
      Object {
        "_content": "abstract:art",
        "namespace": "abstract",
        "predicate": "art",
        "usage": "1",
      },
      Object {
        "_content": "abstract:forms",
        "namespace": "abstract",
        "predicate": "forms",
        "usage": "1",
      },
      Object {
        "_content": "abstract:shapes",
        "namespace": "abstract",
        "predicate": "shapes",
        "usage": "34",
      },
      Object {
        "_content": "abudance:area",
        "namespace": "abudance",
        "predicate": "area",
        "usage": "1",
      },
      Object {
        "_content": "abundance:area",
        "namespace": "abundance",
        "predicate": "area",
        "usage": "35",
      },
      Object {
        "_content": "abundance:region",
        "namespace": "abundance",
        "predicate": "region",
        "usage": "14",
      },
      Object {
        "_content": "ac365:day",
        "namespace": "ac365",
        "predicate": "day",
        "usage": "92",
      },
      Object {
        "_content": "acacusgeo:lon",
        "namespace": "acacusgeo",
        "predicate": "lon",
        "usage": "1",
      },
      Object {
        "_content": "acbopen:project",
        "namespace": "acbopen",
        "predicate": "project",
        "usage": "1",
      },
      Object {
        "_content": "accessceramics:artist",
        "namespace": "accessceramics",
        "predicate": "artist",
        "usage": "2466",
      },
      Object {
        "_content": "accessceramics:date",
        "namespace": "accessceramics",
        "predicate": "date",
        "usage": "2347",
      },
      Object {
        "_content": "accessceramics:depth",
        "namespace": "accessceramics",
        "predicate": "depth",
        "usage": "1935",
      },
      Object {
        "_content": "accessceramics:glazing",
        "namespace": "accessceramics",
        "predicate": "glazing",
        "usage": "2726",
      },
      Object {
        "_content": "accessceramics:height",
        "namespace": "accessceramics",
        "predicate": "height",
        "usage": "2021",
      },
      Object {
        "_content": "accessceramics:material",
        "namespace": "accessceramics",
        "predicate": "material",
        "usage": "3051",
      },
      Object {
        "_content": "accessceramics:object_type",
        "namespace": "accessceramics",
        "predicate": "object_type",
        "usage": "2730",
      },
      Object {
        "_content": "accessceramics:seriestitle",
        "namespace": "accessceramics",
        "predicate": "seriestitle",
        "usage": "796",
      },
      Object {
        "_content": "accessceramics:technique",
        "namespace": "accessceramics",
        "predicate": "technique",
        "usage": "2730",
      },
      Object {
        "_content": "accessceramics:temperature",
        "namespace": "accessceramics",
        "predicate": "temperature",
        "usage": "2682",
      },
      Object {
        "_content": "accessceramics:title",
        "namespace": "accessceramics",
        "predicate": "title",
        "usage": "2462",
      },
      Object {
        "_content": "accessceramics:width",
        "namespace": "accessceramics",
        "predicate": "width",
        "usage": "1961",
      },
      Object {
        "_content": "achakbrooks:p",
        "namespace": "achakbrooks",
        "predicate": "p",
        "usage": "1",
      },
      Object {
        "_content": "acitve:event",
        "namespace": "acitve",
        "predicate": "event",
        "usage": "8",
      },
      Object {
        "_content": "acive:event",
        "namespace": "acive",
        "predicate": "event",
        "usage": "1",
      },
      Object {
        "_content": "ackurapr:articleid",
        "namespace": "ackurapr",
        "predicate": "articleid",
        "usage": "148",
      },
      Object {
        "_content": "acopen:project",
        "namespace": "acopen",
        "predicate": "project",
        "usage": "1",
      },
      Object {
        "_content": "acousticlastfm:event",
        "namespace": "acousticlastfm",
        "predicate": "event",
        "usage": "1",
      },
      Object {
        "_content": "acs:camera",
        "namespace": "acs",
        "predicate": "camera",
        "usage": "152",
      },
      Object {
        "_content": "acs:editor",
        "namespace": "acs",
        "predicate": "editor",
        "usage": "10",
      },
      Object {
        "_content": "acs:filename",
        "namespace": "acs",
        "predicate": "filename",
        "usage": "152",
      },
      Object {
        "_content": "actice:event",
        "namespace": "actice",
        "predicate": "event",
        "usage": "2",
      },
      Object {
        "_content": "actiive:event",
        "namespace": "actiive",
        "predicate": "event",
        "usage": "1",
      },
      Object {
        "_content": "actionquest:postguid",
        "namespace": "actionquest",
        "predicate": "postguid",
        "usage": "6755",
      },
      Object {
        "_content": "active:electriccitypumpandrun",
        "namespace": "active",
        "predicate": "electriccitypumpandrun",
        "usage": "72",
      },
      Object {
        "_content": "active:event",
        "namespace": "active",
        "predicate": "event",
        "usage": "180064",
      },
      Object {
        "_content": "active:events",
        "namespace": "active",
        "predicate": "events",
        "usage": "16",
      },
      Object {
        "_content": "active:teste",
        "namespace": "active",
        "predicate": "teste",
        "usage": "2",
      },
      Object {
        "_content": "activer:verthrewowhat",
        "namespace": "activer",
        "predicate": "verthrewowhat",
        "usage": "1",
      },
      Object {
        "_content": "activity:object",
        "namespace": "activity",
        "predicate": "object",
        "usage": "4",
      },
      Object {
        "_content": "activity:outdoor",
        "namespace": "activity",
        "predicate": "outdoor",
        "usage": "1",
      },
      Object {
        "_content": "activity:outdoors",
        "namespace": "activity",
        "predicate": "outdoors",
        "usage": "2",
      },
      Object {
        "_content": "activity:type",
        "namespace": "activity",
        "predicate": "type",
        "usage": "22",
      },
      Object {
        "_content": "activity:verb",
        "namespace": "activity",
        "predicate": "verb",
        "usage": "39",
      },
      Object {
        "_content": "activitystreams:target",
        "namespace": "activitystreams",
        "predicate": "target",
        "usage": "1",
      },
      Object {
        "_content": "activitystreams:verb",
        "namespace": "activitystreams",
        "predicate": "verb",
        "usage": "6",
      },
      Object {
        "_content": "acuity:event",
        "namespace": "acuity",
        "predicate": "event",
        "usage": "1",
      },
      Object {
        "_content": "acute:a",
        "namespace": "acute",
        "predicate": "a",
        "usage": "1",
      },
      Object {
        "_content": "acute:b",
        "namespace": "acute",
        "predicate": "b",
        "usage": "1",
      },
      Object {
        "_content": "acute:bracket",
        "namespace": "acute",
        "predicate": "bracket",
        "usage": "1",
      },
      Object {
        "_content": "acute:power",
        "namespace": "acute",
        "predicate": "power",
        "usage": "1",
      },
      Object {
        "_content": "ad:group",
        "namespace": "ad",
        "predicate": "group",
        "usage": "2",
      },
      Object {
        "_content": "adactio:note",
        "namespace": "adactio",
        "predicate": "note",
        "usage": "1897",
      },
      Object {
        "_content": "adactio:post",
        "namespace": "adactio",
        "predicate": "post",
        "usage": "3786",
      },
      Object {
        "_content": "addess:country",
        "namespace": "addess",
        "predicate": "country",
        "usage": "1",
      },
      Object {
        "_content": "addgrp:a700",
        "namespace": "addgrp",
        "predicate": "a700",
        "usage": "13868",
      },
      Object {
        "_content": "addgrp:a77",
        "namespace": "addgrp",
        "predicate": "a77",
        "usage": "175",
      },
      Object {
        "_content": "addgrp:atx116prodxs",
        "namespace": "addgrp",
        "predicate": "atx116prodxs",
        "usage": "116",
      },
      Object {
        "_content": "addgrp:basketball",
        "namespace": "addgrp",
        "predicate": "basketball",
        "usage": "24595",
      },
      Object {
        "_content": "addgrp:lacrosse",
        "namespace": "addgrp",
        "predicate": "lacrosse",
        "usage": "1764",
      },
      Object {
        "_content": "addgrp:soccer",
        "namespace": "addgrp",
        "predicate": "soccer",
        "usage": "294",
      },
      Object {
        "_content": "addgrp:sports",
        "namespace": "addgrp",
        "predicate": "sports",
        "usage": "6586",
      },
      Object {
        "_content": "addgrp:volleyball",
        "namespace": "addgrp",
        "predicate": "volleyball",
        "usage": "253",
      },
      Object {
        "_content": "addgrp:zeiss",
        "namespace": "addgrp",
        "predicate": "zeiss",
        "usage": "4377",
      },
      Object {
        "_content": "additional:info",
        "namespace": "additional",
        "predicate": "info",
        "usage": "1",
      },
      Object {
        "_content": "addr:postcode",
        "namespace": "addr",
        "predicate": "postcode",
        "usage": "1",
      },
      Object {
        "_content": "address:apartment",
        "namespace": "address",
        "predicate": "apartment",
        "usage": "1",
      },
      Object {
        "_content": "address:city",
        "namespace": "address",
        "predicate": "city",
        "usage": "22450",
      },
      Object {
        "_content": "address:continent",
        "namespace": "address",
        "predicate": "continent",
        "usage": "5962",
      },
      Object {
        "_content": "address:country",
        "namespace": "address",
        "predicate": "country",
        "usage": "24290",
      },
      Object {
        "_content": "address:district",
        "namespace": "address",
        "predicate": "district",
        "usage": "4",
      },
      Object {
        "_content": "address:highway",
        "namespace": "address",
        "predicate": "highway",
        "usage": "32",
      },
      Object {
        "_content": "address:island",
        "namespace": "address",
        "predicate": "island",
        "usage": "712",
      },
      Object {
        "_content": "address:iso",
        "namespace": "address",
        "predicate": "iso",
        "usage": "366",
      },
      Object {
        "_content": "address:lake",
        "namespace": "address",
        "predicate": "lake",
        "usage": "8",
      },
      Object {
        "_content": "address:landmark",
        "namespace": "address",
        "predicate": "landmark",
        "usage": "1",
      },
      Object {
        "_content": "address:mountainrange",
        "namespace": "address",
        "predicate": "mountainrange",
        "usage": "131",
      },
      Object {
        "_content": "address:number",
        "namespace": "address",
        "predicate": "number",
        "usage": "1",
      },
      Object {
        "_content": "address:park",
        "namespace": "address",
        "predicate": "park",
        "usage": "47",
      },
      Object {
        "_content": "address:populatedplace",
        "namespace": "address",
        "predicate": "populatedplace",
        "usage": "1132",
      },
      Object {
        "_content": "address:postalcode",
        "namespace": "address",
        "predicate": "postalcode",
        "usage": "5706",
      },
      Object {
        "_content": "address:postcode",
        "namespace": "address",
        "predicate": "postcode",
        "usage": "1",
      },
      Object {
        "_content": "address:region",
        "namespace": "address",
        "predicate": "region",
        "usage": "4",
      },
      Object {
        "_content": "address:river",
        "namespace": "address",
        "predicate": "river",
        "usage": "411",
      },
      Object {
        "_content": "address:state",
        "namespace": "address",
        "predicate": "state",
        "usage": "3627",
      },
      Object {
        "_content": "address:street",
        "namespace": "address",
        "predicate": "street",
        "usage": "13794",
      },
      Object {
        "_content": "address:subdivision",
        "namespace": "address",
        "predicate": "subdivision",
        "usage": "1796",
      },
      Object {
        "_content": "address:tag",
        "namespace": "address",
        "predicate": "tag",
        "usage": "8894",
      },
      Object {
        "_content": "address:timezone",
        "namespace": "address",
        "predicate": "timezone",
        "usage": "1608",
      },
      Object {
        "_content": "address:zip",
        "namespace": "address",
        "predicate": "zip",
        "usage": "1",
      },
      Object {
        "_content": "aded:by",
        "namespace": "aded",
        "predicate": "by",
        "usage": "1",
      },
      Object {
        "_content": "adobe:lightroom",
        "namespace": "adobe",
        "predicate": "lightroom",
        "usage": "2",
      },
      Object {
        "_content": "adobe:photoshop",
        "namespace": "adobe",
        "predicate": "photoshop",
        "usage": "1",
      },
      Object {
        "_content": "adorabletaxonomy:trinomial",
        "namespace": "adorabletaxonomy",
        "predicate": "trinomial",
        "usage": "1",
      },
      Object {
        "_content": "adotn:id",
        "namespace": "adotn",
        "predicate": "id",
        "usage": "4",
      },
      Object {
        "_content": "adotn:status",
        "namespace": "adotn",
        "predicate": "status",
        "usage": "4",
      },
      Object {
        "_content": "adp:date",
        "namespace": "adp",
        "predicate": "date",
        "usage": "1",
      },
      Object {
        "_content": "adp:day",
        "namespace": "adp",
        "predicate": "day",
        "usage": "1",
      },
      Object {
        "_content": "adp:group",
        "namespace": "adp",
        "predicate": "group",
        "usage": "1",
      },
      Object {
        "_content": "adp:month",
        "namespace": "adp",
        "predicate": "month",
        "usage": "2",
      },
      Object {
        "_content": "adp:posted",
        "namespace": "adp",
        "predicate": "posted",
        "usage": "9683",
      },
      Object {
        "_content": "adp:submittedgi",
        "namespace": "adp",
        "predicate": "submittedgi",
        "usage": "424",
      },
      Object {
        "_content": "adp:year",
        "namespace": "adp",
        "predicate": "year",
        "usage": "1",
      },
      Object {
        "_content": "adr:city",
        "namespace": "adr",
        "predicate": "city",
        "usage": "1",
      },
      Object {
        "_content": "adr:country",
        "namespace": "adr",
        "predicate": "country",
        "usage": "1",
      },
      Object {
        "_content": "adr:neighborhood",
        "namespace": "adr",
        "predicate": "neighborhood",
        "usage": "1",
      },
      Object {
        "_content": "adr:region",
        "namespace": "adr",
        "predicate": "region",
        "usage": "1",
      },
      Object {
        "_content": "adreeno:event",
        "namespace": "adreeno",
        "predicate": "event",
        "usage": "3",
      },
      Object {
        "_content": "adreeno:user",
        "namespace": "adreeno",
        "predicate": "user",
        "usage": "19",
      },
      Object {
        "_content": "adsf:adsfa",
        "namespace": "adsf",
        "predicate": "adsfa",
        "usage": "1",
      },
      Object {
        "_content": "adveco:adventure",
        "namespace": "adveco",
        "predicate": "adventure",
        "usage": "6",
      },
      Object {
        "_content": "adveco:group",
        "namespace": "adveco",
        "predicate": "group",
        "usage": "1",
      },
      Object {
        "_content": "adveco:user",
        "namespace": "adveco",
        "predicate": "user",
        "usage": "1",
      },
      Object {
        "_content": "aeo:tail",
        "namespace": "aeo",
        "predicate": "tail",
        "usage": "2",
      },
      Object {
        "_content": "aer:msn",
        "namespace": "aer",
        "predicate": "msn",
        "usage": "1",
      },
      Object {
        "_content": "aerei:cielo",
        "namespace": "aerei",
        "predicate": "cielo",
        "usage": "1",
      },
      Object {
        "_content": "aerialexif:iso_speed",
        "namespace": "aerialexif",
        "predicate": "iso_speed",
        "usage": "1",
      },
      Object {
        "_content": "aero:aiirport",
        "namespace": "aero",
        "predicate": "aiirport",
        "usage": "1",
      },
      Object {
        "_content": "aero:aiport",
        "namespace": "aero",
        "predicate": "aiport",
        "usage": "4",
      },
      Object {
        "_content": "aero:airfield",
        "namespace": "aero",
        "predicate": "airfield",
        "usage": "10",
      },
      Object {
        "_content": "aero:airline",
        "namespace": "aero",
        "predicate": "airline",
        "usage": "21015",
      },
      Object {
        "_content": "aero:airlines",
        "namespace": "aero",
        "predicate": "airlines",
        "usage": "37",
      },
      Object {
        "_content": "aero:airlne",
        "namespace": "aero",
        "predicate": "airlne",
        "usage": "5",
      },
      Object {
        "_content": "aero:airpor",
        "namespace": "aero",
        "predicate": "airpor",
        "usage": "1",
      },
      Object {
        "_content": "aero:airporrt",
        "namespace": "aero",
        "predicate": "airporrt",
        "usage": "1",
      },
      Object {
        "_content": "aero:airport",
        "namespace": "aero",
        "predicate": "airport",
        "usage": "21968",
      },
      Object {
        "_content": "aero:airpot",
        "namespace": "aero",
        "predicate": "airpot",
        "usage": "1",
      },
      Object {
        "_content": "aero:apecial",
        "namespace": "aero",
        "predicate": "apecial",
        "usage": "1",
      },
      Object {
        "_content": "aero:ariline",
        "namespace": "aero",
        "predicate": "ariline",
        "usage": "1",
      },
      Object {
        "_content": "aero:arline",
        "namespace": "aero",
        "predicate": "arline",
        "usage": "1",
      },
      Object {
        "_content": "aero:cecode",
        "namespace": "aero",
        "predicate": "cecode",
        "usage": "1",
      },
      Object {
        "_content": "aero:class",
        "namespace": "aero",
        "predicate": "class",
        "usage": "1",
      },
      Object {
        "_content": "aero:date",
        "namespace": "aero",
        "predicate": "date",
        "usage": "12",
      },
      Object {
        "_content": "aero:embraer",
        "namespace": "aero",
        "predicate": "embraer",
        "usage": "1",
      },
      Object {
        "_content": "aero:extra",
        "namespace": "aero",
        "predicate": "extra",
        "usage": "1",
      },
      Object {
        "_content": "aero:flight",
        "namespace": "aero",
        "predicate": "flight",
        "usage": "12",
      },
      Object {
        "_content": "aero:icao",
        "namespace": "aero",
        "predicate": "icao",
        "usage": "14",
      },
      Object {
        "_content": "aero:lane",
        "namespace": "aero",
        "predicate": "lane",
        "usage": "7",
      },
      Object {
        "_content": "aero:ln",
        "namespace": "aero",
        "predicate": "ln",
        "usage": "1974",
      },
      Object {
        "_content": "aero:make",
        "namespace": "aero",
        "predicate": "make",
        "usage": "1",
      },
      Object {
        "_content": "aero:man",
        "namespace": "aero",
        "predicate": "man",
        "usage": "21869",
      },
      Object {
        "_content": "aero:mode",
        "namespace": "aero",
        "predicate": "mode",
        "usage": "1",
      },
      Object {
        "_content": "aero:model",
        "namespace": "aero",
        "predicate": "model",
        "usage": "21836",
      },
      Object {
        "_content": "aero:modle",
        "namespace": "aero",
        "predicate": "modle",
        "usage": "1",
      },
      Object {
        "_content": "aero:msn",
        "namespace": "aero",
        "predicate": "msn",
        "usage": "6122",
      },
      Object {
        "_content": "aero:name",
        "namespace": "aero",
        "predicate": "name",
        "usage": "485",
      },
      Object {
        "_content": "aero:port",
        "namespace": "aero",
        "predicate": "port",
        "usage": "1",
      },
      Object {
        "_content": "aero:route",
        "namespace": "aero",
        "predicate": "route",
        "usage": "12",
      },
      Object {
        "_content": "aero:seat",
        "namespace": "aero",
        "predicate": "seat",
        "usage": "10",
      },
      Object {
        "_content": "aero:seires",
        "namespace": "aero",
        "predicate": "seires",
        "usage": "1",
      },
      Object {
        "_content": "aero:series",
        "namespace": "aero",
        "predicate": "series",
        "usage": "20861",
      },
      Object {
        "_content": "aero:special",
        "namespace": "aero",
        "predicate": "special",
        "usage": "5350",
      },
      Object {
        "_content": "aero:speical",
        "namespace": "aero",
        "predicate": "speical",
        "usage": "1",
      },
      Object {
        "_content": "aero:spotloc",
        "namespace": "aero",
        "predicate": "spotloc",
        "usage": "34",
      },
      Object {
        "_content": "aero:tail",
        "namespace": "aero",
        "predicate": "tail",
        "usage": "21334",
      },
      Object {
        "_content": "aero:teail",
        "namespace": "aero",
        "predicate": "teail",
        "usage": "1",
      },
      Object {
        "_content": "aero:type",
        "namespace": "aero",
        "predicate": "type",
        "usage": "13",
      },
      Object {
        "_content": "aero:version",
        "namespace": "aero",
        "predicate": "version",
        "usage": "7",
      },
      Object {
        "_content": "aeron:airline",
        "namespace": "aeron",
        "predicate": "airline",
        "usage": "1",
      },
      Object {
        "_content": "aerotaggedaero:airline",
        "namespace": "aerotaggedaero",
        "predicate": "airline",
        "usage": "1",
      },
      Object {
        "_content": "aeyc2011:en_event",
        "namespace": "aeyc2011",
        "predicate": "en_event",
        "usage": "135",
      },
      Object {
        "_content": "aeyc2011:event",
        "namespace": "aeyc2011",
        "predicate": "event",
        "usage": "10123",
      },
      Object {
        "_content": "af:mode",
        "namespace": "af",
        "predicate": "mode",
        "usage": "1",
      },
      Object {
        "_content": "afe:punt",
        "namespace": "afe",
        "predicate": "punt",
        "usage": "1",
      },
      Object {
        "_content": "afecados:ambientales",
        "namespace": "afecados",
        "predicate": "ambientales",
        "usage": "1",
      },
      Object {
        "_content": "afectados:ambientales",
        "namespace": "afectados",
        "predicate": "ambientales",
        "usage": "204",
      },
      Object {
        "_content": "africa:bonforte",
        "namespace": "africa",
        "predicate": "bonforte",
        "usage": "1",
      },
      Object {
        "_content": "afs:busan",
        "namespace": "afs",
        "predicate": "busan",
        "usage": "1",
      },
      Object {
        "_content": "agations:direcres",
        "namespace": "agations",
        "predicate": "direcres",
        "usage": "1",
      },
      Object {
        "_content": "age:hours",
        "namespace": "age",
        "predicate": "hours",
        "usage": "237",
      },
      Object {
        "_content": "agm:evento",
        "namespace": "agm",
        "predicate": "evento",
        "usage": "2",
      },
      Object {
        "_content": "agora:conf",
        "namespace": "agora",
        "predicate": "conf",
        "usage": "303",
      },
      Object {
        "_content": "agr:ty",
        "namespace": "agr",
        "predicate": "ty",
        "usage": "2",
      },
      Object {
        "_content": "agriculture:grain",
        "namespace": "agriculture",
        "predicate": "grain",
        "usage": "1",
      },
      Object {
        "_content": "agriculture:silos",
        "namespace": "agriculture",
        "predicate": "silos",
        "usage": "1",
      },
      Object {
        "_content": "agricultureday:p",
        "namespace": "agricultureday",
        "predicate": "p",
        "usage": "1",
      },
      Object {
        "_content": "agriturismo:baroninuovi",
        "namespace": "agriturismo",
        "predicate": "baroninuovi",
        "usage": "1",
      },
      Object {
        "_content": "agriturismo:dormire",
        "namespace": "agriturismo",
        "predicate": "dormire",
        "usage": "1",
      },
      Object {
        "_content": "agriturismo:puglia",
        "namespace": "agriturismo",
        "predicate": "puglia",
        "usage": "1",
      },
      Object {
        "_content": "aguther:portrait",
        "namespace": "aguther",
        "predicate": "portrait",
        "usage": "2",
      },
      Object {
        "_content": "ahfow:showid",
        "namespace": "ahfow",
        "predicate": "showid",
        "usage": "712",
      },
      Object {
        "_content": "ahfow:volumeid",
        "namespace": "ahfow",
        "predicate": "volumeid",
        "usage": "1",
      },
      Object {
        "_content": "ahoo:yourpictures",
        "namespace": "ahoo",
        "predicate": "yourpictures",
        "usage": "5",
      },
      Object {
        "_content": "ailpage:class",
        "namespace": "ailpage",
        "predicate": "class",
        "usage": "1",
      },
      Object {
        "_content": "ailpage:livery",
        "namespace": "ailpage",
        "predicate": "livery",
        "usage": "1",
      },
      Object {
        "_content": "aim:user",
        "namespace": "aim",
        "predicate": "user",
        "usage": "32",
      },
      Object {
        "_content": "aircraft:army",
        "namespace": "aircraft",
        "predicate": "army",
        "usage": "4",
      },
      Object {
        "_content": "aircraft:manufacturer",
        "namespace": "aircraft",
        "predicate": "manufacturer",
        "usage": "17",
      },
      Object {
        "_content": "aircraft:name",
        "namespace": "aircraft",
        "predicate": "name",
        "usage": "23",
      },
      Object {
        "_content": "aircraft:nationality",
        "namespace": "aircraft",
        "predicate": "nationality",
        "usage": "17",
      },
      Object {
        "_content": "aircraft:owner",
        "namespace": "aircraft",
        "predicate": "owner",
        "usage": "10",
      },
      Object {
        "_content": "aircraft:type",
        "namespace": "aircraft",
        "predicate": "type",
        "usage": "22",
      },
      Object {
        "_content": "airline:iata",
        "namespace": "airline",
        "predicate": "iata",
        "usage": "47",
      },
      Object {
        "_content": "airline:icao",
        "namespace": "airline",
        "predicate": "icao",
        "usage": "75",
      },
      Object {
        "_content": "airline:name",
        "namespace": "airline",
        "predicate": "name",
        "usage": "61",
      },
      Object {
        "_content": "airlinebaggagerestrictions:dutyfree",
        "namespace": "airlinebaggagerestrictions",
        "predicate": "dutyfree",
        "usage": "21",
      },
      Object {
        "_content": "airpor:iata",
        "namespace": "airpor",
        "predicate": "iata",
        "usage": "1",
      },
      Object {
        "_content": "airport:code",
        "namespace": "airport",
        "predicate": "code",
        "usage": "3",
      },
      Object {
        "_content": "airport:iaco",
        "namespace": "airport",
        "predicate": "iaco",
        "usage": "1",
      },
      Object {
        "_content": "airport:iata",
        "namespace": "airport",
        "predicate": "iata",
        "usage": "365",
      },
      Object {
        "_content": "airport:icao",
        "namespace": "airport",
        "predicate": "icao",
        "usage": "349",
      },
      Object {
        "_content": "airport:name",
        "namespace": "airport",
        "predicate": "name",
        "usage": "209",
      },
      Object {
        "_content": "airport:runway",
        "namespace": "airport",
        "predicate": "runway",
        "usage": "70",
      },
      Object {
        "_content": "aitaxonogeo:country",
        "namespace": "aitaxonogeo",
        "predicate": "country",
        "usage": "1",
      },
      Object {
        "_content": "ajaxallhartsberg:event",
        "namespace": "ajaxallhartsberg",
        "predicate": "event",
        "usage": "41",
      },
      Object {
        "_content": "aks:feature",
        "namespace": "aks",
        "predicate": "feature",
        "usage": "16",
      },
      Object {
        "_content": "albofasciatataxonomy:binomial",
        "namespace": "albofasciatataxonomy",
        "predicate": "binomial",
        "usage": "1",
      },
      Object {
        "_content": "album:background",
        "namespace": "album",
        "predicate": "background",
        "usage": "2",
      },
      Object {
        "_content": "album:id",
        "namespace": "album",
        "predicate": "id",
        "usage": "2",
      },
      Object {
        "_content": "album:title",
        "namespace": "album",
        "predicate": "title",
        "usage": "4",
      },
      Object {
        "_content": "album:umanita_senza_confini",
        "namespace": "album",
        "predicate": "umanita_senza_confini",
        "usage": "1",
      },
      Object {
        "_content": "alcohol:abv",
        "namespace": "alcohol",
        "predicate": "abv",
        "usage": "1",
      },
      Object {
        "_content": "alcom:show",
        "namespace": "alcom",
        "predicate": "show",
        "usage": "3",
      },
      Object {
        "_content": "alebrije:p",
        "namespace": "alebrije",
        "predicate": "p",
        "usage": "1",
      },
      Object {
        "_content": "aleph:balloon",
        "namespace": "aleph",
        "predicate": "balloon",
        "usage": "1",
      },
      Object {
        "_content": "alexdc:photo",
        "namespace": "alexdc",
        "predicate": "photo",
        "usage": "6",
      },
      Object {
        "_content": "algerie:foot",
        "namespace": "algerie",
        "predicate": "foot",
        "usage": "1",
      },
      Object {
        "_content": "alive:fest",
        "namespace": "alive",
        "predicate": "fest",
        "usage": "49",
      },
      Object {
        "_content": "alive:person",
        "namespace": "alive",
        "predicate": "person",
        "usage": "1",
      },
      Object {
        "_content": "all:age",
        "namespace": "all",
        "predicate": "age",
        "usage": "18442",
      },
      Object {
        "_content": "all:all",
        "namespace": "all",
        "predicate": "all",
        "usage": "429112",
      },
      Object {
        "_content": "all:flickrprivacy",
        "namespace": "all",
        "predicate": "flickrprivacy",
        "usage": "51406",
      },
      Object {
        "_content": "all:flickrsafesearch",
        "namespace": "all",
        "predicate": "flickrsafesearch",
        "usage": "54745",
      },
      Object {
        "_content": "all:groups",
        "namespace": "all",
        "predicate": "groups",
        "usage": "10764",
      },
      Object {
        "_content": "all:location",
        "namespace": "all",
        "predicate": "location",
        "usage": "212471",
      },
      Object {
        "_content": "all:projects",
        "namespace": "all",
        "predicate": "projects",
        "usage": "2265",
      },
      Object {
        "_content": "all:realestate",
        "namespace": "all",
        "predicate": "realestate",
        "usage": "28609",
      },
      Object {
        "_content": "all:sync",
        "namespace": "all",
        "predicate": "sync",
        "usage": "24450",
      },
      Object {
        "_content": "all:synonyms",
        "namespace": "all",
        "predicate": "synonyms",
        "usage": "1183",
      },
      Object {
        "_content": "all:type",
        "namespace": "all",
        "predicate": "type",
        "usage": "4",
      },
      Object {
        "_content": "allegrettia:hiking",
        "namespace": "allegrettia",
        "predicate": "hiking",
        "usage": "1",
      },
      Object {
        "_content": "allisonsuterphotography:p",
        "namespace": "allisonsuterphotography",
        "predicate": "p",
        "usage": "8",
      },
      Object {
        "_content": "allotmentville:user",
        "namespace": "allotmentville",
        "predicate": "user",
        "usage": "24",
      },
      Object {
        "_content": "allschools:event",
        "namespace": "allschools",
        "predicate": "event",
        "usage": "1",
      },
      Object {
        "_content": "almdorfseinerzeitgeotaggedgeo:lat",
        "namespace": "almdorfseinerzeitgeotaggedgeo",
        "predicate": "lat",
        "usage": "1",
      },
      Object {
        "_content": "alpha:beta",
        "namespace": "alpha",
        "predicate": "beta",
        "usage": "1",
      },
      Object {
        "_content": "alphoto:mascot",
        "namespace": "alphoto",
        "predicate": "mascot",
        "usage": "30",
      },
      Object {
        "_content": "alphoto:mascott",
        "namespace": "alphoto",
        "predicate": "mascott",
        "usage": "2",
      },
      Object {
        "_content": "alphoto:page",
        "namespace": "alphoto",
        "predicate": "page",
        "usage": "1",
      },
      Object {
        "_content": "alphoto:show",
        "namespace": "alphoto",
        "predicate": "show",
        "usage": "38",
      },
      Object {
        "_content": "alt_title:title",
        "namespace": "alt_title",
        "predicate": "title",
        "usage": "2",
      },
      Object {
        "_content": "alterses:haterinkerran",
        "namespace": "alterses",
        "predicate": "haterinkerran",
        "usage": "1",
      },
      Object {
        "_content": "altim:tappa",
        "namespace": "altim",
        "predicate": "tappa",
        "usage": "41",
      },
      Object {
        "_content": "altparty:event",
        "namespace": "altparty",
        "predicate": "event",
        "usage": "195",
      },
      Object {
        "_content": "amactneapplaus:outstilosophous",
        "namespace": "amactneapplaus",
        "predicate": "outstilosophous",
        "usage": "1",
      },
      Object {
        "_content": "amarillageo:lat",
        "namespace": "amarillageo",
        "predicate": "lat",
        "usage": "1",
      },
      Object {
        "_content": "amazon:asin",
        "namespace": "amazon",
        "predicate": "asin",
        "usage": "1",
      },
      Object {
        "_content": "amazon:dp",
        "namespace": "amazon",
        "predicate": "dp",
        "usage": "1",
      },
      Object {
        "_content": "amazon:product",
        "namespace": "amazon",
        "predicate": "product",
        "usage": "1",
      },
      Object {
        "_content": "amazon:seach",
        "namespace": "amazon",
        "predicate": "seach",
        "usage": "1",
      },
      Object {
        "_content": "amera:lens",
        "namespace": "amera",
        "predicate": "lens",
        "usage": "1",
      },
      Object {
        "_content": "american:magazine",
        "namespace": "american",
        "predicate": "magazine",
        "usage": "4",
      },
      Object {
        "_content": "americanatasonomy:binomial",
        "namespace": "americanatasonomy",
        "predicate": "binomial",
        "usage": "1",
      },
      Object {
        "_content": "americanataxonomy:binomial",
        "namespace": "americanataxonomy",
        "predicate": "binomial",
        "usage": "1",
      },
      Object {
        "_content": "amigu:p",
        "namespace": "amigu",
        "predicate": "p",
        "usage": "1",
      },
      Object {
        "_content": "aminal:snake",
        "namespace": "aminal",
        "predicate": "snake",
        "usage": "22",
      },
      Object {
        "_content": "ampedweb:location",
        "namespace": "ampedweb",
        "predicate": "location",
        "usage": "81",
      },
      Object {
        "_content": "ampedweb:year",
        "namespace": "ampedweb",
        "predicate": "year",
        "usage": "79",
      },
      Object {
        "_content": "amtrak:station",
        "namespace": "amtrak",
        "predicate": "station",
        "usage": "2",
      },
      Object {
        "_content": "amy:trip",
        "namespace": "amy",
        "predicate": "trip",
        "usage": "4",
      },
      Object {
        "_content": "amykettenburg:featured",
        "namespace": "amykettenburg",
        "predicate": "featured",
        "usage": "26",
      },
      Object {
        "_content": "amykettenburg:large",
        "namespace": "amykettenburg",
        "predicate": "large",
        "usage": "1",
      },
      Object {
        "_content": "amykettenburg:size",
        "namespace": "amykettenburg",
        "predicate": "size",
        "usage": "21",
      },
      Object {
        "_content": "anaed:by",
        "namespace": "anaed",
        "predicate": "by",
        "usage": "1",
      },
      Object {
        "_content": "analog:filter",
        "namespace": "analog",
        "predicate": "filter",
        "usage": "1",
      },
      Object {
        "_content": "analog:technique",
        "namespace": "analog",
        "predicate": "technique",
        "usage": "1",
      },
      Object {
        "_content": "anawesomeshotgeo:lat",
        "namespace": "anawesomeshotgeo",
        "predicate": "lat",
        "usage": "1",
      },
      Object {
        "_content": "anda:my",
        "namespace": "anda",
        "predicate": "my",
        "usage": "1",
      },
      Object {
        "_content": "andigraf:film",
        "namespace": "andigraf",
        "predicate": "film",
        "usage": "2",
      },
      Object {
        "_content": "andigraf:lens",
        "namespace": "andigraf",
        "predicate": "lens",
        "usage": "2",
      },
      Object {
        "_content": "andreas_godel:year",
        "namespace": "andreas_godel",
        "predicate": "year",
        "usage": "73",
      },
      Object {
        "_content": "andrewdisley:skating",
        "namespace": "andrewdisley",
        "predicate": "skating",
        "usage": "15",
      },
      Object {
        "_content": "andrewstuartphotos:p",
        "namespace": "andrewstuartphotos",
        "predicate": "p",
        "usage": "15",
      },
      Object {
        "_content": "animal:class",
        "namespace": "animal",
        "predicate": "class",
        "usage": "22",
      },
      Object {
        "_content": "animal:dog",
        "namespace": "animal",
        "predicate": "dog",
        "usage": "344",
      },
      Object {
        "_content": "animal:family",
        "namespace": "animal",
        "predicate": "family",
        "usage": "13",
      },
      Object {
        "_content": "animal:genus",
        "namespace": "animal",
        "predicate": "genus",
        "usage": "1",
      },
      Object {
        "_content": "animal:horse",
        "namespace": "animal",
        "predicate": "horse",
        "usage": "28",
      },
      Object {
        "_content": "animal:insect",
        "namespace": "animal",
        "predicate": "insect",
        "usage": "3",
      },
      Object {
        "_content": "animal:name",
        "namespace": "animal",
        "predicate": "name",
        "usage": "359",
      },
      Object {
        "_content": "animal:reptile",
        "namespace": "animal",
        "predicate": "reptile",
        "usage": "19",
      },
      Object {
        "_content": "animal:snake",
        "namespace": "animal",
        "predicate": "snake",
        "usage": "45",
      },
      Object {
        "_content": "animal:species",
        "namespace": "animal",
        "predicate": "species",
        "usage": "2",
      },
      Object {
        "_content": "animal:type",
        "namespace": "animal",
        "predicate": "type",
        "usage": "71",
      },
      Object {
        "_content": "animals:cats",
        "namespace": "animals",
        "predicate": "cats",
        "usage": "1",
      },
      Object {
        "_content": "animals:seals",
        "namespace": "animals",
        "predicate": "seals",
        "usage": "1",
      },
      Object {
        "_content": "animalstaxonomy:binomial",
        "namespace": "animalstaxonomy",
        "predicate": "binomial",
        "usage": "2",
      },
      Object {
        "_content": "annapumerphotography:p",
        "namespace": "annapumerphotography",
        "predicate": "p",
        "usage": "77",
      },
      Object {
        "_content": "anointedfaith:p",
        "namespace": "anointedfaith",
        "predicate": "p",
        "usage": "333",
      },
      Object {
        "_content": "anoodi:route",
        "namespace": "anoodi",
        "predicate": "route",
        "usage": "29",
      },
      Object {
        "_content": "another:test",
        "namespace": "another",
        "predicate": "test",
        "usage": "1",
      },
      Object {
        "_content": "anthropology:berkeley",
        "namespace": "anthropology",
        "predicate": "berkeley",
        "usage": "1",
      },
      Object {
        "_content": "antidot:blog",
        "namespace": "antidot",
        "predicate": "blog",
        "usage": "1",
      },
      Object {
        "_content": "antonlindstrom:journal",
        "namespace": "antonlindstrom",
        "predicate": "journal",
        "usage": "1",
      },
      Object {
        "_content": "antonlindstromcom:journal",
        "namespace": "antonlindstromcom",
        "predicate": "journal",
        "usage": "157",
      },
      Object {
        "_content": "any:old",
        "namespace": "any",
        "predicate": "old",
        "usage": "2",
      },
      Object {
        "_content": "anyvite:event",
        "namespace": "anyvite",
        "predicate": "event",
        "usage": "33",
      },
      Object {
        "_content": "aperture:id",
        "namespace": "aperture",
        "predicate": "id",
        "usage": "1333",
      },
      Object {
        "_content": "aperture:matched",
        "namespace": "aperture",
        "predicate": "matched",
        "usage": "1603",
      },
      Object {
        "_content": "aperture:rating",
        "namespace": "aperture",
        "predicate": "rating",
        "usage": "9",
      },
      Object {
        "_content": "aperture:version_id",
        "namespace": "aperture",
        "predicate": "version_id",
        "usage": "60",
      },
      Object {
        "_content": "api:select",
        "namespace": "api",
        "predicate": "select",
        "usage": "1",
      },
      Object {
        "_content": "apian:id",
        "namespace": "apian",
        "predicate": "id",
        "usage": "7",
      },
      Object {
        "_content": "apmyride:route",
        "namespace": "apmyride",
        "predicate": "route",
        "usage": "3",
      },
      Object {
        "_content": "apn:city",
        "namespace": "apn",
        "predicate": "city",
        "usage": "183",
      },
      Object {
        "_content": "apollo11:photo",
        "namespace": "apollo11",
        "predicate": "photo",
        "usage": "1",
      },
      Object {
        "_content": "app:name",
        "namespace": "app",
        "predicate": "name",
        "usage": "2",
      },
      Object {
        "_content": "app:suprsetr",
        "namespace": "app",
        "predicate": "suprsetr",
        "usage": "1",
      },
      Object {
        "_content": "appelsin:id",
        "namespace": "appelsin",
        "predicate": "id",
        "usage": "1",
      },
      Object {
        "_content": "appetizingarts:p",
        "namespace": "appetizingarts",
        "predicate": "p",
        "usage": "1",
      },
      Object {
        "_content": "apple:kb",
        "namespace": "apple",
        "predicate": "kb",
        "usage": "9",
      },
      Object {
        "_content": "applestore:dayone",
        "namespace": "applestore",
        "predicate": "dayone",
        "usage": "3",
      },
      Object {
        "_content": "apptest:abc",
        "namespace": "apptest",
        "predicate": "abc",
        "usage": "1",
      },
      Object {
        "_content": "apy:entered",
        "namespace": "apy",
        "predicate": "entered",
        "usage": "4",
      },
      Object {
        "_content": "aquarie:stoditiationai",
        "namespace": "aquarie",
        "predicate": "stoditiationai",
        "usage": "1",
      },
      Object {
        "_content": "aquiali:a",
        "namespace": "aquiali",
        "predicate": "a",
        "usage": "4847",
      },
      Object {
        "_content": "ar:vip",
        "namespace": "ar",
        "predicate": "vip",
        "usage": "329",
      },
      Object {
        "_content": "arc:pr",
        "namespace": "arc",
        "predicate": "pr",
        "usage": "1",
      },
      Object {
        "_content": "arc:ty",
        "namespace": "arc",
        "predicate": "ty",
        "usage": "60",
      },
      Object {
        "_content": "arch:architect",
        "namespace": "arch",
        "predicate": "architect",
        "usage": "110",
      },
      Object {
        "_content": "arch:building_name",
        "namespace": "arch",
        "predicate": "building_name",
        "usage": "2",
      },
      Object {
        "_content": "arch:construction",
        "namespace": "arch",
        "predicate": "construction",
        "usage": "1",
      },
      Object {
        "_content": "arch:context",
        "namespace": "arch",
        "predicate": "context",
        "usage": "1",
      },
      Object {
        "_content": "arch:date",
        "namespace": "arch",
        "predicate": "date",
        "usage": "6",
      },
      Object {
        "_content": "arch:name",
        "namespace": "arch",
        "predicate": "name",
        "usage": "3",
      },
      Object {
        "_content": "arch:notes",
        "namespace": "arch",
        "predicate": "notes",
        "usage": "1",
      },
      Object {
        "_content": "arch:style",
        "namespace": "arch",
        "predicate": "style",
        "usage": "6",
      },
      Object {
        "_content": "arch:type",
        "namespace": "arch",
        "predicate": "type",
        "usage": "3",
      },
      Object {
        "_content": "archerphoto:p",
        "namespace": "archerphoto",
        "predicate": "p",
        "usage": "1",
      },
      Object {
        "_content": "archi:style",
        "namespace": "archi",
        "predicate": "style",
        "usage": "1",
      },
      Object {
        "_content": "architecture:architect",
        "namespace": "architecture",
        "predicate": "architect",
        "usage": "210",
      },
      Object {
        "_content": "architecture:building",
        "namespace": "architecture",
        "predicate": "building",
        "usage": "261",
      },
      Object {
        "_content": "architecture:built",
        "namespace": "architecture",
        "predicate": "built",
        "usage": "1",
      },
      Object {
        "_content": "architecture:completed",
        "namespace": "architecture",
        "predicate": "completed",
        "usage": "100",
      },
      Object {
        "_content": "architecture:completion",
        "namespace": "architecture",
        "predicate": "completion",
        "usage": "1",
      },
      Object {
        "_content": "architecture:construction",
        "namespace": "architecture",
        "predicate": "construction",
        "usage": "3",
      },
      Object {
        "_content": "architecture:energy",
        "namespace": "architecture",
        "predicate": "energy",
        "usage": "3",
      },
      Object {
        "_content": "architecture:name",
        "namespace": "architecture",
        "predicate": "name",
        "usage": "74",
      },
      Object {
        "_content": "architecture:nrhp",
        "namespace": "architecture",
        "predicate": "nrhp",
        "usage": "43",
      },
      Object {
        "_content": "architecture:sculptor",
        "namespace": "architecture",
        "predicate": "sculptor",
        "usage": "1",
      },
      Object {
        "_content": "architecture:skyline",
        "namespace": "architecture",
        "predicate": "skyline",
        "usage": "1",
      },
      Object {
        "_content": "architecture:structure",
        "namespace": "architecture",
        "predicate": "structure",
        "usage": "2",
      },
      Object {
        "_content": "architecture:style",
        "namespace": "architecture",
        "predicate": "style",
        "usage": "49",
      },
      Object {
        "_content": "architecture:susainable",
        "namespace": "architecture",
        "predicate": "susainable",
        "usage": "97",
      },
      Object {
        "_content": "architecture:type",
        "namespace": "architecture",
        "predicate": "type",
        "usage": "1",
      },
      Object {
        "_content": "architecture:use",
        "namespace": "architecture",
        "predicate": "use",
        "usage": "1",
      },
      Object {
        "_content": "architecture:village",
        "namespace": "architecture",
        "predicate": "village",
        "usage": "5",
      },
      Object {
        "_content": "architectureexif:focal_length",
        "namespace": "architectureexif",
        "predicate": "focal_length",
        "usage": "4",
      },
      Object {
        "_content": "architecure:building",
        "namespace": "architecure",
        "predicate": "building",
        "usage": "2",
      },
      Object {
        "_content": "archive:folder",
        "namespace": "archive",
        "predicate": "folder",
        "usage": "4",
      },
      Object {
        "_content": "archive:negatives",
        "namespace": "archive",
        "predicate": "negatives",
        "usage": "44",
      },
      Object {
        "_content": "ardecorelastfm:event",
        "namespace": "ardecorelastfm",
        "predicate": "event",
        "usage": "4",
      },
      Object {
        "_content": "areo:model",
        "namespace": "areo",
        "predicate": "model",
        "usage": "1",
      },
      Object {
        "_content": "arieirogeo:lat",
        "namespace": "arieirogeo",
        "predicate": "lat",
        "usage": "1",
      },
      Object {
        "_content": "arist:name",
        "namespace": "arist",
        "predicate": "name",
        "usage": "2",
      },
      Object {
        "_content": "arkive:indianature",
        "namespace": "arkive",
        "predicate": "indianature",
        "usage": "5",
      },
      Object {
        "_content": "arnoklein:einblenden",
        "namespace": "arnoklein",
        "predicate": "einblenden",
        "usage": "25",
      },
      Object {
        "_content": "around:gallery",
        "namespace": "around",
        "predicate": "gallery",
        "usage": "384",
      },
      Object {
        "_content": "around:loc",
        "namespace": "around",
        "predicate": "loc",
        "usage": "278",
      },
      Object {
        "_content": "arraysecondlife:region",
        "namespace": "arraysecondlife",
        "predicate": "region",
        "usage": "38",
      },
      Object {
        "_content": "arris:p",
        "namespace": "arris",
        "predicate": "p",
        "usage": "9",
      },
      Object {
        "_content": "art:artist",
        "namespace": "art",
        "predicate": "artist",
        "usage": "628",
      },
      Object {
        "_content": "art:author",
        "namespace": "art",
        "predicate": "author",
        "usage": "1",
      },
      Object {
        "_content": "art:basel",
        "namespace": "art",
        "predicate": "basel",
        "usage": "88",
      },
      Object {
        "_content": "art:category",
        "namespace": "art",
        "predicate": "category",
        "usage": "425",
      },
      Object {
        "_content": "art:citycommission",
        "namespace": "art",
        "predicate": "citycommission",
        "usage": "113",
      },
      Object {
        "_content": "art:commission",
        "namespace": "art",
        "predicate": "commission",
        "usage": "7",
      },
      Object {
        "_content": "art:creator",
        "namespace": "art",
        "predicate": "creator",
        "usage": "1",
      },
      Object {
        "_content": "art:description",
        "namespace": "art",
        "predicate": "description",
        "usage": "102",
      },
      Object {
        "_content": "art:floral",
        "namespace": "art",
        "predicate": "floral",
        "usage": "1",
      },
      Object {
        "_content": "art:grafitti",
        "namespace": "art",
        "predicate": "grafitti",
        "usage": "1",
      },
      Object {
        "_content": "art:intent",
        "namespace": "art",
        "predicate": "intent",
        "usage": "189",
      },
      Object {
        "_content": "art:location",
        "namespace": "art",
        "predicate": "location",
        "usage": "4",
      },
      Object {
        "_content": "art:medium",
        "namespace": "art",
        "predicate": "medium",
        "usage": "15",
      },
      Object {
        "_content": "art:modern",
        "namespace": "art",
        "predicate": "modern",
        "usage": "1",
      },
      Object {
        "_content": "art:neighborhood",
        "namespace": "art",
        "predicate": "neighborhood",
        "usage": "332",
      },
      Object {
        "_content": "art:painting",
        "namespace": "art",
        "predicate": "painting",
        "usage": "1",
      },
      Object {
        "_content": "art:subject",
        "namespace": "art",
        "predicate": "subject",
        "usage": "124",
      },
      Object {
        "_content": "art:title",
        "namespace": "art",
        "predicate": "title",
        "usage": "121",
      },
      Object {
        "_content": "art:ty",
        "namespace": "art",
        "predicate": "ty",
        "usage": "29",
      },
      Object {
        "_content": "art:type",
        "namespace": "art",
        "predicate": "type",
        "usage": "88",
      },
      Object {
        "_content": "artemis:ad",
        "namespace": "artemis",
        "predicate": "ad",
        "usage": "1",
      },
      Object {
        "_content": "artemis:artist",
        "namespace": "artemis",
        "predicate": "artist",
        "usage": "1",
      },
      Object {
        "_content": "artemis:event",
        "namespace": "artemis",
        "predicate": "event",
        "usage": "12",
      },
      Object {
        "_content": "artemis:exterior",
        "namespace": "artemis",
        "predicate": "exterior",
        "usage": "14",
      },
      Object {
        "_content": "artemis:got",
        "namespace": "artemis",
        "predicate": "got",
        "usage": "3",
      },
      Object {
        "_content": "artemis:interior",
        "namespace": "artemis",
        "predicate": "interior",
        "usage": "15",
      },
      Object {
        "_content": "artemis:postcard",
        "namespace": "artemis",
        "predicate": "postcard",
        "usage": "6",
      },
      Object {
        "_content": "artemis:product",
        "namespace": "artemis",
        "predicate": "product",
        "usage": "2",
      },
      Object {
        "_content": "artemis:sign",
        "namespace": "artemis",
        "predicate": "sign",
        "usage": "1",
      },
      Object {
        "_content": "artemis:staff",
        "namespace": "artemis",
        "predicate": "staff",
        "usage": "65",
      },
      Object {
        "_content": "artflickriosapp:filter",
        "namespace": "artflickriosapp",
        "predicate": "filter",
        "usage": "2",
      },
      Object {
        "_content": "artheworld:augmented",
        "namespace": "artheworld",
        "predicate": "augmented",
        "usage": "34",
      },
      Object {
        "_content": "artheworld:marker",
        "namespace": "artheworld",
        "predicate": "marker",
        "usage": "39",
      },
      Object {
        "_content": "artheworld:model",
        "namespace": "artheworld",
        "predicate": "model",
        "usage": "24",
      },
      Object {
        "_content": "artiat:name",
        "namespace": "artiat",
        "predicate": "name",
        "usage": "4",
      },
      Object {
        "_content": "article:id",
        "namespace": "article",
        "predicate": "id",
        "usage": "3",
      },
      Object {
        "_content": "article:name",
        "namespace": "article",
        "predicate": "name",
        "usage": "4",
      },
      Object {
        "_content": "artist:binomial",
        "namespace": "artist",
        "predicate": "binomial",
        "usage": "1",
      },
      Object {
        "_content": "artist:music",
        "namespace": "artist",
        "predicate": "music",
        "usage": "2",
      },
      Object {
        "_content": "artist:name",
        "namespace": "artist",
        "predicate": "name",
        "usage": "12881",
      },
      Object {
        "_content": "artist:nick",
        "namespace": "artist",
        "predicate": "nick",
        "usage": "6",
      },
      Object {
        "_content": "artist:orgin",
        "namespace": "artist",
        "predicate": "orgin",
        "usage": "3",
      },
      Object {
        "_content": "artist:origin",
        "namespace": "artist",
        "predicate": "origin",
        "usage": "101",
      },
      Object {
        "_content": "artist:period",
        "namespace": "artist",
        "predicate": "period",
        "usage": "101",
      },
      Object {
        "_content": "artist:viaf",
        "namespace": "artist",
        "predicate": "viaf",
        "usage": "8505",
      },
      Object {
        "_content": "artist:year",
        "namespace": "artist",
        "predicate": "year",
        "usage": "1",
      },
      Object {
        "_content": "artisti:viaf",
        "namespace": "artisti",
        "predicate": "viaf",
        "usage": "152",
      },
      Object {
        "_content": "artistic:event",
        "namespace": "artistic",
        "predicate": "event",
        "usage": "1",
      },
      Object {
        "_content": "artists:name",
        "namespace": "artists",
        "predicate": "name",
        "usage": "1",
      },
      Object {
        "_content": "artlickriosapp:filter",
        "namespace": "artlickriosapp",
        "predicate": "filter",
        "usage": "4",
      },
      Object {
        "_content": "artprize:artist",
        "namespace": "artprize",
        "predicate": "artist",
        "usage": "31",
      },
      Object {
        "_content": "artprize:medium",
        "namespace": "artprize",
        "predicate": "medium",
        "usage": "38",
      },
      Object {
        "_content": "artprize:place",
        "namespace": "artprize",
        "predicate": "place",
        "usage": "12",
      },
      Object {
        "_content": "artprize:venue",
        "namespace": "artprize",
        "predicate": "venue",
        "usage": "44",
      },
      Object {
        "_content": "artshare:person",
        "namespace": "artshare",
        "predicate": "person",
        "usage": "1",
      },
      Object {
        "_content": "artshare:title",
        "namespace": "artshare",
        "predicate": "title",
        "usage": "1",
      },
      Object {
        "_content": "artsit:period",
        "namespace": "artsit",
        "predicate": "period",
        "usage": "2",
      },
      Object {
        "_content": "arvoreuploaded:by",
        "namespace": "arvoreuploaded",
        "predicate": "by",
        "usage": "1",
      },
      Object {
        "_content": "ary:s",
        "namespace": "ary",
        "predicate": "s",
        "usage": "1",
      },
      Object {
        "_content": "asc:tag",
        "namespace": "asc",
        "predicate": "tag",
        "usage": "1",
      },
      Object {
        "_content": "asdf:foo",
        "namespace": "asdf",
        "predicate": "foo",
        "usage": "2",
      },
      Object {
        "_content": "asdf:page",
        "namespace": "asdf",
        "predicate": "page",
        "usage": "1",
      },
      Object {
        "_content": "asia:country",
        "namespace": "asia",
        "predicate": "country",
        "usage": "147",
      },
    ],
    "perpage": 500,
    "total": "15071",
  },
  "stat": "ok",
}
`;
