// Jest Snapshot v1, https://goo.gl/fbAQLP

exports[`flickr.photos.getUntagged 1`] = `
Object {
  "photos": Object {
    "page": 1,
    "pages": 1,
    "perpage": 100,
    "photo": Array [
      Object {
        "farm": 3,
        "id": "32393561123",
        "isfamily": 0,
        "isfriend": 0,
        "ispublic": 0,
        "owner": "148575064@N08",
        "secret": "9b6ef13630",
        "server": "2906",
        "title": "100",
      },
      Object {
        "farm": 1,
        "id": "32393560923",
        "isfamily": 0,
        "isfriend": 0,
        "ispublic": 0,
        "owner": "148575064@N08",
        "secret": "c75315d4cb",
        "server": "646",
        "title": "99",
      },
      Object {
        "farm": 4,
        "id": "32393560663",
        "isfamily": 0,
        "isfriend": 0,
        "ispublic": 0,
        "owner": "148575064@N08",
        "secret": "2c2b00d33a",
        "server": "3676",
        "title": "98",
      },
      Object {
        "farm": 3,
        "id": "32393560363",
        "isfamily": 0,
        "isfriend": 0,
        "ispublic": 0,
        "owner": "148575064@N08",
        "secret": "db2cf85709",
        "server": "2883",
        "title": "97",
      },
      Object {
        "farm": 4,
        "id": "33208504675",
        "isfamily": 0,
        "isfriend": 0,
        "ispublic": 0,
        "owner": "148575064@N08",
        "secret": "e6140e83cb",
        "server": "3803",
        "title": "96",
      },
      Object {
        "farm": 1,
        "id": "33080750871",
        "isfamily": 0,
        "isfriend": 0,
        "ispublic": 0,
        "owner": "148575064@N08",
        "secret": "16b557d7ee",
        "server": "736",
        "title": "95",
      },
      Object {
        "farm": 4,
        "id": "33208504125",
        "isfamily": 0,
        "isfriend": 0,
        "ispublic": 0,
        "owner": "148575064@N08",
        "secret": "711e56b04d",
        "server": "3894",
        "title": "94",
      },
      Object {
        "farm": 1,
        "id": "33080750211",
        "isfamily": 0,
        "isfriend": 0,
        "ispublic": 0,
        "owner": "148575064@N08",
        "secret": "d233bd9872",
        "server": "584",
        "title": "93",
      },
      Object {
        "farm": 4,
        "id": "33080749461",
        "isfamily": 0,
        "isfriend": 0,
        "ispublic": 0,
        "owner": "148575064@N08",
        "secret": "21176457ae",
        "server": "3757",
        "title": "92",
      },
      Object {
        "farm": 1,
        "id": "33080749161",
        "isfamily": 0,
        "isfriend": 0,
        "ispublic": 0,
        "owner": "148575064@N08",
        "secret": "6faeb52c74",
        "server": "677",
        "title": "91",
      },
      Object {
        "farm": 4,
        "id": "33166801396",
        "isfamily": 0,
        "isfriend": 0,
        "ispublic": 0,
        "owner": "148575064@N08",
        "secret": "d98b3f1f30",
        "server": "3710",
        "title": "90",
      },
      Object {
        "farm": 3,
        "id": "33080747901",
        "isfamily": 0,
        "isfriend": 0,
        "ispublic": 0,
        "owner": "148575064@N08",
        "secret": "9cf497aa23",
        "server": "2892",
        "title": "89",
      },
      Object {
        "farm": 4,
        "id": "33166801126",
        "isfamily": 0,
        "isfriend": 0,
        "ispublic": 0,
        "owner": "148575064@N08",
        "secret": "9ed13c8f56",
        "server": "3928",
        "title": "88",
      },
      Object {
        "farm": 3,
        "id": "32825978570",
        "isfamily": 0,
        "isfriend": 0,
        "ispublic": 0,
        "owner": "148575064@N08",
        "secret": "158fa9a237",
        "server": "2907",
        "title": "87",
      },
      Object {
        "farm": 1,
        "id": "33080746271",
        "isfamily": 0,
        "isfriend": 0,
        "ispublic": 0,
        "owner": "148575064@N08",
        "secret": "b2e13cff03",
        "server": "679",
        "title": "86",
      },
      Object {
        "farm": 4,
        "id": "33080745761",
        "isfamily": 0,
        "isfriend": 0,
        "ispublic": 0,
        "owner": "148575064@N08",
        "secret": "8908d4a052",
        "server": "3747",
        "title": "85",
      },
      Object {
        "farm": 4,
        "id": "33080745291",
        "isfamily": 0,
        "isfriend": 0,
        "ispublic": 0,
        "owner": "148575064@N08",
        "secret": "64459eed47",
        "server": "3929",
        "title": "84",
      },
      Object {
        "farm": 1,
        "id": "33208500415",
        "isfamily": 0,
        "isfriend": 0,
        "ispublic": 0,
        "owner": "148575064@N08",
        "secret": "420414b35e",
        "server": "776",
        "title": "83",
      },
      Object {
        "farm": 3,
        "id": "33080744441",
        "isfamily": 0,
        "isfriend": 0,
        "ispublic": 0,
        "owner": "148575064@N08",
        "secret": "25c23c50b2",
        "server": "2820",
        "title": "82",
      },
      Object {
        "farm": 4,
        "id": "33080743901",
        "isfamily": 0,
        "isfriend": 0,
        "ispublic": 0,
        "owner": "148575064@N08",
        "secret": "b23884a349",
        "server": "3670",
        "title": "81",
      },
      Object {
        "farm": 4,
        "id": "33080743451",
        "isfamily": 0,
        "isfriend": 0,
        "ispublic": 0,
        "owner": "148575064@N08",
        "secret": "7f00a54c5b",
        "server": "3941",
        "title": "80",
      },
      Object {
        "farm": 1,
        "id": "32393553803",
        "isfamily": 0,
        "isfriend": 0,
        "ispublic": 0,
        "owner": "148575064@N08",
        "secret": "418b8d4a08",
        "server": "622",
        "title": "79",
      },
      Object {
        "farm": 1,
        "id": "33080742311",
        "isfamily": 0,
        "isfriend": 0,
        "ispublic": 0,
        "owner": "148575064@N08",
        "secret": "8b9d1723f5",
        "server": "757",
        "title": "78",
      },
      Object {
        "farm": 1,
        "id": "33080742091",
        "isfamily": 0,
        "isfriend": 0,
        "ispublic": 0,
        "owner": "148575064@N08",
        "secret": "f56aa6f0a8",
        "server": "655",
        "title": "77",
      },
      Object {
        "farm": 4,
        "id": "33208498405",
        "isfamily": 0,
        "isfriend": 0,
        "ispublic": 0,
        "owner": "148575064@N08",
        "secret": "e7f521a1ff",
        "server": "3796",
        "title": "76",
      },
      Object {
        "farm": 1,
        "id": "33080740751",
        "isfamily": 0,
        "isfriend": 0,
        "ispublic": 0,
        "owner": "148575064@N08",
        "secret": "e2a346d679",
        "server": "729",
        "title": "75",
      },
      Object {
        "farm": 3,
        "id": "32825975120",
        "isfamily": 0,
        "isfriend": 0,
        "ispublic": 0,
        "owner": "148575064@N08",
        "secret": "ebc859d41b",
        "server": "2928",
        "title": "74",
      },
      Object {
        "farm": 1,
        "id": "33080739191",
        "isfamily": 0,
        "isfriend": 0,
        "ispublic": 0,
        "owner": "148575064@N08",
        "secret": "9b885755d7",
        "server": "721",
        "title": "73",
      },
      Object {
        "farm": 1,
        "id": "33080738831",
        "isfamily": 0,
        "isfriend": 0,
        "ispublic": 0,
        "owner": "148575064@N08",
        "secret": "5cbfed77f8",
        "server": "780",
        "title": "72",
      },
      Object {
        "farm": 3,
        "id": "32393550433",
        "isfamily": 0,
        "isfriend": 0,
        "ispublic": 0,
        "owner": "148575064@N08",
        "secret": "47120f1fd0",
        "server": "2902",
        "title": "71",
      },
      Object {
        "farm": 3,
        "id": "33080737801",
        "isfamily": 0,
        "isfriend": 0,
        "ispublic": 0,
        "owner": "148575064@N08",
        "secret": "ec5dcd4979",
        "server": "2907",
        "title": "70",
      },
      Object {
        "farm": 1,
        "id": "32393549613",
        "isfamily": 0,
        "isfriend": 0,
        "ispublic": 0,
        "owner": "148575064@N08",
        "secret": "800af32f72",
        "server": "727",
        "title": "69",
      },
      Object {
        "farm": 1,
        "id": "32393549123",
        "isfamily": 0,
        "isfriend": 0,
        "ispublic": 0,
        "owner": "148575064@N08",
        "secret": "7eeaf3987f",
        "server": "748",
        "title": "68",
      },
      Object {
        "farm": 1,
        "id": "33080736091",
        "isfamily": 0,
        "isfriend": 0,
        "ispublic": 0,
        "owner": "148575064@N08",
        "secret": "6670b8c786",
        "server": "617",
        "title": "67",
      },
      Object {
        "farm": 4,
        "id": "32825973260",
        "isfamily": 0,
        "isfriend": 0,
        "ispublic": 0,
        "owner": "148575064@N08",
        "secret": "58c91f5bc9",
        "server": "3855",
        "title": "66",
      },
      Object {
        "farm": 1,
        "id": "33080735011",
        "isfamily": 0,
        "isfriend": 0,
        "ispublic": 0,
        "owner": "148575064@N08",
        "secret": "8ace0503a7",
        "server": "736",
        "title": "65",
      },
      Object {
        "farm": 3,
        "id": "32825972740",
        "isfamily": 0,
        "isfriend": 0,
        "ispublic": 0,
        "owner": "148575064@N08",
        "secret": "85c531ab00",
        "server": "2848",
        "title": "64",
      },
      Object {
        "farm": 4,
        "id": "33080733661",
        "isfamily": 0,
        "isfriend": 0,
        "ispublic": 0,
        "owner": "148575064@N08",
        "secret": "227a9b6246",
        "server": "3735",
        "title": "63",
      },
      Object {
        "farm": 1,
        "id": "33080732841",
        "isfamily": 0,
        "isfriend": 0,
        "ispublic": 0,
        "owner": "148575064@N08",
        "secret": "e517b47873",
        "server": "605",
        "title": "62",
      },
      Object {
        "farm": 3,
        "id": "32364229094",
        "isfamily": 0,
        "isfriend": 0,
        "ispublic": 0,
        "owner": "148575064@N08",
        "secret": "78ac590da6",
        "server": "2928",
        "title": "61",
      },
      Object {
        "farm": 1,
        "id": "33080731281",
        "isfamily": 0,
        "isfriend": 0,
        "ispublic": 0,
        "owner": "148575064@N08",
        "secret": "bc00c16a4f",
        "server": "766",
        "title": "60",
      },
      Object {
        "farm": 1,
        "id": "33051791692",
        "isfamily": 0,
        "isfriend": 0,
        "ispublic": 0,
        "owner": "148575064@N08",
        "secret": "fdb83050f0",
        "server": "622",
        "title": "59",
      },
      Object {
        "farm": 4,
        "id": "33080730391",
        "isfamily": 0,
        "isfriend": 0,
        "ispublic": 0,
        "owner": "148575064@N08",
        "secret": "293858c42d",
        "server": "3904",
        "title": "58",
      },
      Object {
        "farm": 3,
        "id": "32393544833",
        "isfamily": 0,
        "isfriend": 0,
        "ispublic": 0,
        "owner": "148575064@N08",
        "secret": "ed6d6113eb",
        "server": "2923",
        "title": "57",
      },
      Object {
        "farm": 1,
        "id": "33051789582",
        "isfamily": 0,
        "isfriend": 0,
        "ispublic": 0,
        "owner": "148575064@N08",
        "secret": "218450a52b",
        "server": "575",
        "title": "56",
      },
      Object {
        "farm": 3,
        "id": "33208492505",
        "isfamily": 0,
        "isfriend": 0,
        "ispublic": 0,
        "owner": "148575064@N08",
        "secret": "d962d91c96",
        "server": "2836",
        "title": "55",
      },
      Object {
        "farm": 4,
        "id": "33208492305",
        "isfamily": 0,
        "isfriend": 0,
        "ispublic": 0,
        "owner": "148575064@N08",
        "secret": "51be2fde08",
        "server": "3829",
        "title": "54",
      },
      Object {
        "farm": 4,
        "id": "32364225044",
        "isfamily": 0,
        "isfriend": 0,
        "ispublic": 0,
        "owner": "148575064@N08",
        "secret": "a64e729439",
        "server": "3888",
        "title": "53",
      },
      Object {
        "farm": 1,
        "id": "33051786782",
        "isfamily": 0,
        "isfriend": 0,
        "ispublic": 0,
        "owner": "148575064@N08",
        "secret": "e0eb0e2b09",
        "server": "622",
        "title": "52",
      },
      Object {
        "farm": 4,
        "id": "32364224164",
        "isfamily": 0,
        "isfriend": 0,
        "ispublic": 0,
        "owner": "148575064@N08",
        "secret": "5e3598f817",
        "server": "3953",
        "title": "51",
      },
      Object {
        "farm": 3,
        "id": "33208491355",
        "isfamily": 0,
        "isfriend": 0,
        "ispublic": 0,
        "owner": "148575064@N08",
        "secret": "f5a0cfd3a4",
        "server": "2903",
        "title": "50",
      },
      Object {
        "farm": 3,
        "id": "33051785262",
        "isfamily": 0,
        "isfriend": 0,
        "ispublic": 0,
        "owner": "148575064@N08",
        "secret": "fe8b7237e4",
        "server": "2816",
        "title": "49",
      },
      Object {
        "farm": 4,
        "id": "33208490825",
        "isfamily": 0,
        "isfriend": 0,
        "ispublic": 0,
        "owner": "148575064@N08",
        "secret": "26200c4e09",
        "server": "3866",
        "title": "48",
      },
      Object {
        "farm": 4,
        "id": "33051784412",
        "isfamily": 0,
        "isfriend": 0,
        "ispublic": 0,
        "owner": "148575064@N08",
        "secret": "14b8b92735",
        "server": "3712",
        "title": "47",
      },
      Object {
        "farm": 1,
        "id": "33208490285",
        "isfamily": 0,
        "isfriend": 0,
        "ispublic": 0,
        "owner": "148575064@N08",
        "secret": "7a90bc6f0d",
        "server": "711",
        "title": "46",
      },
      Object {
        "farm": 3,
        "id": "33051783522",
        "isfamily": 0,
        "isfriend": 0,
        "ispublic": 0,
        "owner": "148575064@N08",
        "secret": "e8e1671585",
        "server": "2882",
        "title": "45",
      },
      Object {
        "farm": 4,
        "id": "33051782892",
        "isfamily": 0,
        "isfriend": 0,
        "ispublic": 0,
        "owner": "148575064@N08",
        "secret": "228e543017",
        "server": "3783",
        "title": "44",
      },
      Object {
        "farm": 1,
        "id": "32364219834",
        "isfamily": 0,
        "isfriend": 0,
        "ispublic": 0,
        "owner": "148575064@N08",
        "secret": "417227afcc",
        "server": "737",
        "title": "43",
      },
      Object {
        "farm": 4,
        "id": "32364219144",
        "isfamily": 0,
        "isfriend": 0,
        "ispublic": 0,
        "owner": "148575064@N08",
        "secret": "46eb617bc7",
        "server": "3853",
        "title": "42",
      },
      Object {
        "farm": 1,
        "id": "32364218714",
        "isfamily": 0,
        "isfriend": 0,
        "ispublic": 0,
        "owner": "148575064@N08",
        "secret": "059fa3930a",
        "server": "660",
        "title": "41",
      },
      Object {
        "farm": 4,
        "id": "32364218114",
        "isfamily": 0,
        "isfriend": 0,
        "ispublic": 0,
        "owner": "148575064@N08",
        "secret": "2a8ccfdb33",
        "server": "3927",
        "title": "40",
      },
      Object {
        "farm": 3,
        "id": "33208488465",
        "isfamily": 0,
        "isfriend": 0,
        "ispublic": 0,
        "owner": "148575064@N08",
        "secret": "7399484fef",
        "server": "2853",
        "title": "39",
      },
      Object {
        "farm": 1,
        "id": "32364216984",
        "isfamily": 0,
        "isfriend": 0,
        "ispublic": 0,
        "owner": "148575064@N08",
        "secret": "7483c09e58",
        "server": "409",
        "title": "38",
      },
      Object {
        "farm": 3,
        "id": "32364216524",
        "isfamily": 0,
        "isfriend": 0,
        "ispublic": 0,
        "owner": "148575064@N08",
        "secret": "4367b87b29",
        "server": "2845",
        "title": "37",
      },
      Object {
        "farm": 4,
        "id": "32393539423",
        "isfamily": 0,
        "isfriend": 0,
        "ispublic": 0,
        "owner": "148575064@N08",
        "secret": "86561428ab",
        "server": "3767",
        "title": "36",
      },
      Object {
        "farm": 3,
        "id": "32364215524",
        "isfamily": 0,
        "isfriend": 0,
        "ispublic": 0,
        "owner": "148575064@N08",
        "secret": "97e6a55341",
        "server": "2836",
        "title": "35",
      },
      Object {
        "farm": 4,
        "id": "33051777452",
        "isfamily": 0,
        "isfriend": 0,
        "ispublic": 0,
        "owner": "148575064@N08",
        "secret": "28b40d7cdf",
        "server": "3923",
        "title": "34",
      },
      Object {
        "farm": 3,
        "id": "32364214344",
        "isfamily": 0,
        "isfriend": 0,
        "ispublic": 0,
        "owner": "148575064@N08",
        "secret": "216eb43204",
        "server": "2894",
        "title": "33",
      },
      Object {
        "farm": 4,
        "id": "33051776472",
        "isfamily": 0,
        "isfriend": 0,
        "ispublic": 0,
        "owner": "148575064@N08",
        "secret": "0e1a31ab7f",
        "server": "3803",
        "title": "32",
      },
      Object {
        "farm": 4,
        "id": "32364213254",
        "isfamily": 0,
        "isfriend": 0,
        "ispublic": 0,
        "owner": "148575064@N08",
        "secret": "7e69353b38",
        "server": "3822",
        "title": "31",
      },
      Object {
        "farm": 1,
        "id": "33208485975",
        "isfamily": 0,
        "isfriend": 0,
        "ispublic": 0,
        "owner": "148575064@N08",
        "secret": "b59dc958e9",
        "server": "712",
        "title": "30",
      },
      Object {
        "farm": 3,
        "id": "32364212344",
        "isfamily": 0,
        "isfriend": 0,
        "ispublic": 0,
        "owner": "148575064@N08",
        "secret": "39c29822e4",
        "server": "2863",
        "title": "29",
      },
      Object {
        "farm": 4,
        "id": "32364211744",
        "isfamily": 0,
        "isfriend": 0,
        "ispublic": 0,
        "owner": "148575064@N08",
        "secret": "1f17268760",
        "server": "3822",
        "title": "28",
      },
      Object {
        "farm": 1,
        "id": "32364211234",
        "isfamily": 0,
        "isfriend": 0,
        "ispublic": 0,
        "owner": "148575064@N08",
        "secret": "d5af042ffa",
        "server": "692",
        "title": "27",
      },
      Object {
        "farm": 4,
        "id": "33208484795",
        "isfamily": 0,
        "isfriend": 0,
        "ispublic": 0,
        "owner": "148575064@N08",
        "secret": "b8fcc364c0",
        "server": "3855",
        "title": "26",
      },
      Object {
        "farm": 1,
        "id": "33051772712",
        "isfamily": 0,
        "isfriend": 0,
        "ispublic": 0,
        "owner": "148575064@N08",
        "secret": "356b0d2618",
        "server": "648",
        "title": "25",
      },
      Object {
        "farm": 1,
        "id": "33208484225",
        "isfamily": 0,
        "isfriend": 0,
        "ispublic": 0,
        "owner": "148575064@N08",
        "secret": "dae04ffe50",
        "server": "597",
        "title": "24",
      },
      Object {
        "farm": 4,
        "id": "33051771402",
        "isfamily": 0,
        "isfriend": 0,
        "ispublic": 0,
        "owner": "148575064@N08",
        "secret": "4054d32ddf",
        "server": "3851",
        "title": "23",
      },
      Object {
        "farm": 3,
        "id": "32364208484",
        "isfamily": 0,
        "isfriend": 0,
        "ispublic": 0,
        "owner": "148575064@N08",
        "secret": "56a952f59d",
        "server": "2928",
        "title": "22",
      },
      Object {
        "farm": 4,
        "id": "32825964210",
        "isfamily": 0,
        "isfriend": 0,
        "ispublic": 0,
        "owner": "148575064@N08",
        "secret": "d5bd6c4725",
        "server": "3825",
        "title": "21",
      },
      Object {
        "farm": 4,
        "id": "32825963720",
        "isfamily": 0,
        "isfriend": 0,
        "ispublic": 0,
        "owner": "148575064@N08",
        "secret": "0a660ba70c",
        "server": "3739",
        "title": "20",
      },
      Object {
        "farm": 1,
        "id": "32825963480",
        "isfamily": 0,
        "isfriend": 0,
        "ispublic": 0,
        "owner": "148575064@N08",
        "secret": "2c47d97fde",
        "server": "680",
        "title": "19",
      },
      Object {
        "farm": 3,
        "id": "32364206124",
        "isfamily": 0,
        "isfriend": 0,
        "ispublic": 0,
        "owner": "148575064@N08",
        "secret": "abbc075caa",
        "server": "2908",
        "title": "18",
      },
      Object {
        "farm": 3,
        "id": "33080710211",
        "isfamily": 0,
        "isfriend": 0,
        "ispublic": 0,
        "owner": "148575064@N08",
        "secret": "80ba0b06bf",
        "server": "2866",
        "title": "17",
      },
      Object {
        "farm": 1,
        "id": "33208481635",
        "isfamily": 0,
        "isfriend": 0,
        "ispublic": 0,
        "owner": "148575064@N08",
        "secret": "5234003b18",
        "server": "665",
        "title": "16",
      },
      Object {
        "farm": 3,
        "id": "33051766862",
        "isfamily": 0,
        "isfriend": 0,
        "ispublic": 0,
        "owner": "148575064@N08",
        "secret": "30b46a02c7",
        "server": "2926",
        "title": "15",
      },
      Object {
        "farm": 4,
        "id": "33080708641",
        "isfamily": 0,
        "isfriend": 0,
        "ispublic": 0,
        "owner": "148575064@N08",
        "secret": "85450575d5",
        "server": "3890",
        "title": "14",
      },
      Object {
        "farm": 3,
        "id": "32825961050",
        "isfamily": 0,
        "isfriend": 0,
        "ispublic": 0,
        "owner": "148575064@N08",
        "secret": "46b20d1886",
        "server": "2842",
        "title": "13",
      },
      Object {
        "farm": 1,
        "id": "33080707611",
        "isfamily": 0,
        "isfriend": 0,
        "ispublic": 0,
        "owner": "148575064@N08",
        "secret": "a8ec266c8b",
        "server": "630",
        "title": "12",
      },
      Object {
        "farm": 4,
        "id": "33051764822",
        "isfamily": 0,
        "isfriend": 0,
        "ispublic": 0,
        "owner": "148575064@N08",
        "secret": "fa8abdb1c7",
        "server": "3780",
        "title": "11",
      },
      Object {
        "farm": 3,
        "id": "32825959750",
        "isfamily": 0,
        "isfriend": 0,
        "ispublic": 0,
        "owner": "148575064@N08",
        "secret": "a598f1a995",
        "server": "2884",
        "title": "10",
      },
      Object {
        "farm": 1,
        "id": "33051763862",
        "isfamily": 0,
        "isfriend": 0,
        "ispublic": 0,
        "owner": "148575064@N08",
        "secret": "2f875f27c0",
        "server": "704",
        "title": "9",
      },
      Object {
        "farm": 4,
        "id": "32825959420",
        "isfamily": 0,
        "isfriend": 0,
        "ispublic": 0,
        "owner": "148575064@N08",
        "secret": "d08fa21947",
        "server": "3674",
        "title": "8",
      },
      Object {
        "farm": 4,
        "id": "32825959110",
        "isfamily": 0,
        "isfriend": 0,
        "ispublic": 0,
        "owner": "148575064@N08",
        "secret": "cc755570fd",
        "server": "3875",
        "title": "6",
      },
      Object {
        "farm": 4,
        "id": "32393532243",
        "isfamily": 0,
        "isfriend": 0,
        "ispublic": 0,
        "owner": "148575064@N08",
        "secret": "ceabff8b77",
        "server": "3845",
        "title": "7",
      },
      Object {
        "farm": 4,
        "id": "33051762752",
        "isfamily": 0,
        "isfriend": 0,
        "ispublic": 0,
        "owner": "148575064@N08",
        "secret": "9128bf064f",
        "server": "3895",
        "title": "5",
      },
      Object {
        "farm": 1,
        "id": "33208476055",
        "isfamily": 0,
        "isfriend": 0,
        "ispublic": 0,
        "owner": "148575064@N08",
        "secret": "84361a4d89",
        "server": "599",
        "title": "4",
      },
      Object {
        "farm": 4,
        "id": "33051762122",
        "isfamily": 0,
        "isfriend": 0,
        "ispublic": 0,
        "owner": "148575064@N08",
        "secret": "85c6a0f4fe",
        "server": "3798",
        "title": "3",
      },
      Object {
        "farm": 1,
        "id": "33208475385",
        "isfamily": 0,
        "isfriend": 0,
        "ispublic": 0,
        "owner": "148575064@N08",
        "secret": "1676936609",
        "server": "758",
        "title": "2",
      },
      Object {
        "farm": 4,
        "id": "33051761522",
        "isfamily": 0,
        "isfriend": 0,
        "ispublic": 0,
        "owner": "148575064@N08",
        "secret": "5cd38313d7",
        "server": "3770",
        "title": "1",
      },
    ],
    "total": "100",
  },
  "stat": "ok",
}
`;
